ARM Linker, RVCT4.0 [Build 728] [Evaluation]

==============================================================================

Section Cross References

    startup_stm32f10x_cl.o(STACK) refers (Special) to heapauxi.o(.text) for __use_two_region_memory
    startup_stm32f10x_cl.o(HEAP) refers (Special) to heapauxi.o(.text) for __use_two_region_memory
    startup_stm32f10x_cl.o(RESET) refers (Special) to heapauxi.o(.text) for __use_two_region_memory
    startup_stm32f10x_cl.o(RESET) refers to startup_stm32f10x_cl.o(STACK) for __initial_sp
    startup_stm32f10x_cl.o(RESET) refers to startup_stm32f10x_cl.o(.text) for Reset_Handler
    startup_stm32f10x_cl.o(RESET) refers to stm32f10x_it.o(.text) for NMI_Handler
    startup_stm32f10x_cl.o(RESET) refers to os_cpu_a.o(.text) for PendSV_Handler
    startup_stm32f10x_cl.o(RESET) refers to delay.o(.text) for SysTick_Handler
    startup_stm32f10x_cl.o(RESET) refers to tty.o(.text) for USART1_IRQHandler
    startup_stm32f10x_cl.o(RESET) refers to usart.o(.text) for USART2_IRQHandler
    startup_stm32f10x_cl.o(.text) refers (Special) to heapauxi.o(.text) for __use_two_region_memory
    startup_stm32f10x_cl.o(.text) refers to system_stm32f10x.o(.text) for SystemInit
    startup_stm32f10x_cl.o(.text) refers to __main.o(!!!main) for __main
    startup_stm32f10x_cl.o(.text) refers to startup_stm32f10x_cl.o(HEAP) for Heap_Mem
    startup_stm32f10x_cl.o(.text) refers to startup_stm32f10x_cl.o(STACK) for Stack_Mem
    main.o(.text) refers to os_cpu_a.o(.text) for OS_CPU_SR_Save
    main.o(.text) refers to os_task.o(.text) for OSTaskCreate
    main.o(.text) refers to config.o(.text) for RCC_Configuration
    main.o(.text) refers to delay.o(.text) for DelayMs_init
    main.o(.text) refers to os_core.o(.text) for OSInit
    main.o(.text) refers to main.o(.bss) for LED0_TASK_STK
    main.o(.text) refers to task.o(.text) for task1
    main.o(.text) refers to task2.o(.text) for led1_task
    delay.o(.text) refers to os_core.o(.text) for OSIntEnter
    delay.o(.text) refers to os_time.o(.text) for OSTimeDly
    delay.o(.text) refers to delay.o(.data) for .data
    delay.o(.text) refers to os_core.o(.data) for OSRunning
    config.o(.text) refers to stm32f10x_rcc.o(.text) for RCC_DeInit
    config.o(.text) refers to stm32f10x_gpio.o(.text) for GPIO_PinRemapConfig
    config.o(.text) refers to misc.o(.text) for NVIC_PriorityGroupConfig
    stm32f10x_gpio.o(.text) refers to stm32f10x_rcc.o(.text) for RCC_APB2PeriphResetCmd
    stm32f10x_rcc.o(.text) refers to stm32f10x_rcc.o(.data) for .data
    stm32f10x_tim.o(.text) refers to stm32f10x_rcc.o(.text) for RCC_APB2PeriphResetCmd
    stm32f10x_usart.o(.text) refers to stm32f10x_rcc.o(.text) for RCC_APB2PeriphResetCmd
    stm32f10x_spi.o(.text) refers to stm32f10x_rcc.o(.text) for RCC_APB2PeriphResetCmd
    tty.o(.text) refers to stm32f10x_gpio.o(.text) for GPIO_Init
    tty.o(.text) refers to stm32f10x_usart.o(.text) for USART_StructInit
    usart.o(.text) refers to stm32f10x_gpio.o(.text) for GPIO_Init
    usart.o(.text) refers to stm32f10x_usart.o(.text) for USART_StructInit
    usart.o(.text) refers to usart.o(.bss) for Rev_Buffer
    usart.o(.text) refers to usart.o(.data) for .data
    24l01.o(.text) refers to stm32f10x_spi.o(.text) for SPI_I2S_GetFlagStatus
    24l01.o(.text) refers to stm32f10x_gpio.o(.text) for GPIO_WriteBit
    24l01.o(.text) refers to stm32f10x_rcc.o(.text) for RCC_APB2PeriphClockCmd
    24l01.o(.text) refers to 24l01.o(.constdata) for RX_ADDRESS
    os_core.o(.text) refers to os_task.o(.text) for OSTaskStkChk
    os_core.o(.text) refers to os_time.o(.text) for OSTimeDly
    os_core.o(.text) refers to os_cpu_a.o(.text) for OS_CPU_SR_Save
    os_core.o(.text) refers to os_cpu_c.o(.text) for OSTaskStatHook
    os_core.o(.text) refers to os_flag.o(.text) for OS_FlagInit
    os_core.o(.text) refers to os_q.o(.text) for OS_QInit
    os_core.o(.text) refers to os_core.o(.bss) for OSTCBPrioTbl
    os_core.o(.text) refers to os_core.o(.data) for OSStatRdy
    os_core.o(.text) refers to os_core.o(.constdata) for OSUnMapTbl
    os_flag.o(.text) refers to os_cpu_a.o(.text) for OS_CPU_SR_Save
    os_flag.o(.text) refers to os_core.o(.text) for OS_Sched
    os_flag.o(.text) refers to os_core.o(.data) for OSIntNesting
    os_flag.o(.text) refers to os_core.o(.bss) for OSFlagTbl
    os_mbox.o(.text) refers to os_cpu_a.o(.text) for OS_CPU_SR_Save
    os_mbox.o(.text) refers to os_core.o(.text) for OS_EventWaitListInit
    os_mbox.o(.text) refers to os_core.o(.data) for OSIntNesting
    os_mutex.o(.text) refers to os_cpu_a.o(.text) for OS_CPU_SR_Save
    os_mutex.o(.text) refers to os_core.o(.text) for OS_EventWaitListInit
    os_mutex.o(.text) refers to os_core.o(.data) for OSIntNesting
    os_mutex.o(.text) refers to os_core.o(.bss) for OSTCBPrioTbl
    os_q.o(.text) refers to os_cpu_a.o(.text) for OS_CPU_SR_Save
    os_q.o(.text) refers to os_core.o(.text) for OS_EventWaitListInit
    os_q.o(.text) refers to os_core.o(.data) for OSIntNesting
    os_q.o(.text) refers to os_core.o(.bss) for OSQTbl
    os_sem.o(.text) refers to os_cpu_a.o(.text) for OS_CPU_SR_Save
    os_sem.o(.text) refers to os_core.o(.text) for OS_EventWaitListInit
    os_sem.o(.text) refers to os_core.o(.data) for OSIntNesting
    os_task.o(.text) refers to os_cpu_a.o(.text) for OS_CPU_SR_Save
    os_task.o(.text) refers to os_core.o(.text) for OS_Sched
    os_task.o(.text) refers to os_cpu_c.o(.text) for OSTaskStkInit
    os_task.o(.text) refers to os_flag.o(.text) for OS_FlagUnlink
    os_task.o(.text) refers to os_core.o(.bss) for OSTCBPrioTbl
    os_task.o(.text) refers to os_core.o(.data) for OSTCBCur
    os_time.o(.text) refers to os_cpu_a.o(.text) for OS_CPU_SR_Save
    os_time.o(.text) refers to os_core.o(.text) for OS_Sched
    os_time.o(.text) refers to os_core.o(.data) for OSIntNesting
    os_time.o(.text) refers to os_core.o(.bss) for OSTCBPrioTbl
    os_cpu_a.o(.text) refers to os_core.o(.data) for OSRunning
    os_cpu_a.o(.text) refers to os_cpu_c.o(.text) for OSTaskSwHook
    task.o(.text) refers to tty.o(.text) for tty_init
    task.o(.text) refers to 24l01.o(.text) for NRF24L01_Init
    task.o(.text) refers to delay.o(.text) for DelayMs
    task2.o(.text) refers to delay.o(.text) for DelayMs
    __main.o(!!!main) refers to rtentry.o(.ARM.Collect$$rtentry$$00000000) for __rt_entry
    rtentry.o(.ARM.Collect$$rtentry$$00000000) refers (Special) to rtentry2.o(.ARM.Collect$$rtentry$$0000000A) for __rt_entry_li
    rtentry.o(.ARM.Collect$$rtentry$$00000000) refers (Special) to rtentry2.o(.ARM.Collect$$rtentry$$0000000D) for __rt_entry_main
    rtentry.o(.ARM.Collect$$rtentry$$00000000) refers (Special) to rtentry2.o(.ARM.Collect$$rtentry$$0000000C) for __rt_entry_postli_1
    rtentry.o(.ARM.Collect$$rtentry$$00000000) refers (Special) to rtentry2.o(.ARM.Collect$$rtentry$$00000009) for __rt_entry_postsh_1
    rtentry.o(.ARM.Collect$$rtentry$$00000000) refers (Special) to rtentry2.o(.ARM.Collect$$rtentry$$00000002) for __rt_entry_presh_1
    rtentry.o(.ARM.Collect$$rtentry$$00000000) refers (Special) to rtentry4.o(.ARM.Collect$$rtentry$$00000004) for __rt_entry_sh
    rtentry.o(.ARM.exidx) refers (Special) to rtentry2.o(.ARM.Collect$$rtentry$$0000000A) for __rt_entry_li
    rtentry.o(.ARM.exidx) refers (Special) to rtentry2.o(.ARM.Collect$$rtentry$$0000000D) for __rt_entry_main
    rtentry.o(.ARM.exidx) refers (Special) to rtentry2.o(.ARM.Collect$$rtentry$$0000000C) for __rt_entry_postli_1
    rtentry.o(.ARM.exidx) refers (Special) to rtentry2.o(.ARM.Collect$$rtentry$$00000009) for __rt_entry_postsh_1
    rtentry.o(.ARM.exidx) refers (Special) to rtentry2.o(.ARM.Collect$$rtentry$$00000002) for __rt_entry_presh_1
    rtentry.o(.ARM.exidx) refers (Special) to rtentry4.o(.ARM.Collect$$rtentry$$00000004) for __rt_entry_sh
    rtentry.o(.ARM.exidx) refers to rtentry.o(.ARM.Collect$$rtentry$$00000000) for .ARM.Collect$$rtentry$$00000000
    rtentry2.o(.ARM.Collect$$rtentry$$00000008) refers to boardinit2.o(.text) for _platform_post_stackheap_init
    rtentry2.o(.ARM.Collect$$rtentry$$0000000A) refers to libinit.o(.ARM.Collect$$libinit$$00000000) for __rt_lib_init
    rtentry2.o(.ARM.Collect$$rtentry$$0000000B) refers to boardinit3.o(.text) for _platform_post_lib_init
    rtentry2.o(.ARM.Collect$$rtentry$$0000000D) refers to main.o(.text) for main
    rtentry2.o(.ARM.Collect$$rtentry$$0000000D) refers to exit.o(.text) for exit
    rtentry2.o(.ARM.exidx) refers to rtentry2.o(.ARM.Collect$$rtentry$$00000001) for .ARM.Collect$$rtentry$$00000001
    rtentry2.o(.ARM.exidx) refers to rtentry2.o(.ARM.Collect$$rtentry$$00000002) for .ARM.Collect$$rtentry$$00000002
    rtentry2.o(.ARM.exidx) refers to rtentry2.o(.ARM.Collect$$rtentry$$00000008) for .ARM.Collect$$rtentry$$00000008
    rtentry2.o(.ARM.exidx) refers to rtentry2.o(.ARM.Collect$$rtentry$$00000009) for .ARM.Collect$$rtentry$$00000009
    rtentry2.o(.ARM.exidx) refers to rtentry2.o(.ARM.Collect$$rtentry$$0000000A) for .ARM.Collect$$rtentry$$0000000A
    rtentry2.o(.ARM.exidx) refers to rtentry2.o(.ARM.Collect$$rtentry$$0000000B) for .ARM.Collect$$rtentry$$0000000B
    rtentry2.o(.ARM.exidx) refers to rtentry2.o(.ARM.Collect$$rtentry$$0000000C) for .ARM.Collect$$rtentry$$0000000C
    rtentry2.o(.ARM.exidx) refers to rtentry2.o(.ARM.Collect$$rtentry$$0000000D) for .ARM.Collect$$rtentry$$0000000D
    rtentry4.o(.ARM.Collect$$rtentry$$00000004) refers to sys_stackheap_outer.o(.text) for __user_setup_stackheap
    rtentry4.o(.ARM.exidx) refers to rtentry4.o(.ARM.Collect$$rtentry$$00000004) for .ARM.Collect$$rtentry$$00000004
    sys_stackheap_outer.o(.text) refers to libspace.o(.text) for __user_perproc_libspace
    sys_stackheap_outer.o(.text) refers to startup_stm32f10x_cl.o(.text) for __user_initial_stackheap
    exit.o(.text) refers to rtexit.o(.ARM.Collect$$rtexit$$00000000) for __rt_exit
    libinit.o(.ARM.Collect$$libinit$$00000000) refers (Special) to libinit2.o(.ARM.Collect$$libinit$$0000002A) for __rt_lib_init_alloca_1
    libinit.o(.ARM.Collect$$libinit$$00000000) refers (Special) to libinit2.o(.ARM.Collect$$libinit$$00000028) for __rt_lib_init_argv_1
    libinit.o(.ARM.Collect$$libinit$$00000000) refers (Special) to libinit2.o(.ARM.Collect$$libinit$$00000017) for __rt_lib_init_atexit_1
    libinit.o(.ARM.Collect$$libinit$$00000000) refers (Special) to libinit2.o(.ARM.Collect$$libinit$$0000001D) for __rt_lib_init_clock_1
    libinit.o(.ARM.Collect$$libinit$$00000000) refers (Special) to libinit2.o(.ARM.Collect$$libinit$$0000002E) for __rt_lib_init_cpp_1
    libinit.o(.ARM.Collect$$libinit$$00000000) refers (Special) to libinit2.o(.ARM.Collect$$libinit$$0000002C) for __rt_lib_init_exceptions_1
    libinit.o(.ARM.Collect$$libinit$$00000000) refers (Special) to libinit2.o(.ARM.Collect$$libinit$$0000001B) for __rt_lib_init_fp_trap_1
    libinit.o(.ARM.Collect$$libinit$$00000000) refers (Special) to libinit2.o(.ARM.Collect$$libinit$$0000001F) for __rt_lib_init_getenv_1
    libinit.o(.ARM.Collect$$libinit$$00000000) refers (Special) to libinit2.o(.ARM.Collect$$libinit$$00000006) for __rt_lib_init_heap_1
    libinit.o(.ARM.Collect$$libinit$$00000000) refers (Special) to libinit2.o(.ARM.Collect$$libinit$$0000000D) for __rt_lib_init_lc_collate_1
    libinit.o(.ARM.Collect$$libinit$$00000000) refers (Special) to libinit2.o(.ARM.Collect$$libinit$$0000000F) for __rt_lib_init_lc_ctype_1
    libinit.o(.ARM.Collect$$libinit$$00000000) refers (Special) to libinit2.o(.ARM.Collect$$libinit$$00000011) for __rt_lib_init_lc_monetary_1
    libinit.o(.ARM.Collect$$libinit$$00000000) refers (Special) to libinit2.o(.ARM.Collect$$libinit$$00000013) for __rt_lib_init_lc_numeric_1
    libinit.o(.ARM.Collect$$libinit$$00000000) refers (Special) to libinit2.o(.ARM.Collect$$libinit$$00000015) for __rt_lib_init_lc_time_1
    libinit.o(.ARM.Collect$$libinit$$00000000) refers (Special) to libinit2.o(.ARM.Collect$$libinit$$0000000A) for __rt_lib_init_rand_1
    libinit.o(.ARM.Collect$$libinit$$00000000) refers (Special) to libinit2.o(.ARM.Collect$$libinit$$0000002F) for __rt_lib_init_return
    libinit.o(.ARM.Collect$$libinit$$00000000) refers (Special) to libinit2.o(.ARM.Collect$$libinit$$00000019) for __rt_lib_init_signal_1
    libinit.o(.ARM.Collect$$libinit$$00000000) refers (Special) to libinit2.o(.ARM.Collect$$libinit$$00000021) for __rt_lib_init_stdio_1
    libinit.o(.ARM.Collect$$libinit$$00000000) refers (Special) to libinit2.o(.ARM.Collect$$libinit$$00000008) for __rt_lib_init_user_alloc_1
    libinit.o(.ARM.Collect$$libinit$$00000000) refers to fpinit.o(x$fpl$fpinit) for _fp_init
    libspace.o(.text) refers to libspace.o(.bss) for __libspace_start
    rtexit.o(.ARM.Collect$$rtexit$$00000000) refers (Special) to rtexit2.o(.ARM.Collect$$rtexit$$00000004) for __rt_exit_exit
    rtexit.o(.ARM.Collect$$rtexit$$00000000) refers (Special) to rtexit2.o(.ARM.Collect$$rtexit$$00000003) for __rt_exit_ls
    rtexit.o(.ARM.Collect$$rtexit$$00000000) refers (Special) to rtexit2.o(.ARM.Collect$$rtexit$$00000002) for __rt_exit_prels_1
    rtexit.o(.ARM.exidx) refers (Special) to rtexit2.o(.ARM.Collect$$rtexit$$00000004) for __rt_exit_exit
    rtexit.o(.ARM.exidx) refers (Special) to rtexit2.o(.ARM.Collect$$rtexit$$00000003) for __rt_exit_ls
    rtexit.o(.ARM.exidx) refers (Special) to rtexit2.o(.ARM.Collect$$rtexit$$00000002) for __rt_exit_prels_1
    rtexit.o(.ARM.exidx) refers to rtexit.o(.ARM.Collect$$rtexit$$00000000) for .ARM.Collect$$rtexit$$00000000
    libinit2.o(.ARM.Collect$$libinit$$0000000C) refers to libinit2.o(.ARM.Collect$$libinit$$0000000B) for .ARM.Collect$$libinit$$0000000B
    libinit2.o(.ARM.Collect$$libinit$$0000000E) refers to libinit2.o(.ARM.Collect$$libinit$$0000000B) for .ARM.Collect$$libinit$$0000000B
    libinit2.o(.ARM.Collect$$libinit$$00000010) refers to libinit2.o(.ARM.Collect$$libinit$$0000000B) for .ARM.Collect$$libinit$$0000000B
    libinit2.o(.ARM.Collect$$libinit$$00000012) refers to libinit2.o(.ARM.Collect$$libinit$$0000000B) for .ARM.Collect$$libinit$$0000000B
    libinit2.o(.ARM.Collect$$libinit$$00000014) refers to libinit2.o(.ARM.Collect$$libinit$$0000000B) for .ARM.Collect$$libinit$$0000000B
    libinit2.o(.ARM.Collect$$libinit$$00000022) refers to argv_veneer.o(.emb_text) for __ARM_argv_veneer
    libinit2.o(.ARM.Collect$$libinit$$00000023) refers to argv_veneer.o(.emb_text) for __ARM_argv_veneer
    fpinit.o(x$fpl$fpinit) refers to rt_fp_status_addr_intlibspace.o(.text) for __rt_fp_status_addr
    rtexit2.o(.ARM.Collect$$rtexit$$00000003) refers to libshutdown.o(.ARM.Collect$$libshutdown$$00000000) for __rt_lib_shutdown
    rtexit2.o(.ARM.Collect$$rtexit$$00000004) refers to sys_exit.o(.text) for _sys_exit
    rtexit2.o(.ARM.exidx) refers to rtexit2.o(.ARM.Collect$$rtexit$$00000001) for .ARM.Collect$$rtexit$$00000001
    rtexit2.o(.ARM.exidx) refers to rtexit2.o(.ARM.Collect$$rtexit$$00000002) for .ARM.Collect$$rtexit$$00000002
    rtexit2.o(.ARM.exidx) refers to rtexit2.o(.ARM.Collect$$rtexit$$00000003) for .ARM.Collect$$rtexit$$00000003
    rtexit2.o(.ARM.exidx) refers to rtexit2.o(.ARM.Collect$$rtexit$$00000004) for .ARM.Collect$$rtexit$$00000004
    rt_fp_status_addr.o(.text) refers to rt_fp_status_addr.o(.bss) for __rt_fp_status_addr_data
    rt_fp_status_addr_intlibspace.o(.text) refers to libspace.o(.bss) for __libspace_start
    argv_veneer.o(.emb_text) refers to no_argv.o(.text) for __ARM_get_argv
    sys_exit.o(.text) refers to use_no_semi.o(.text) for __I$use$semihosting
    _get_argv_nomalloc.o(.text) refers (Special) to hrguard.o(.text) for __heap_region$guard
    _get_argv_nomalloc.o(.text) refers to defsig_rtmem_outer.o(.text) for __rt_SIGRTMEM
    _get_argv_nomalloc.o(.text) refers to sys_command.o(.text) for _sys_command_string
    libshutdown.o(.ARM.Collect$$libshutdown$$00000000) refers (Special) to libshutdown2.o(.ARM.Collect$$libshutdown$$00000006) for __rt_lib_shutdown_fp_trap_1
    libshutdown.o(.ARM.Collect$$libshutdown$$00000000) refers (Special) to libshutdown2.o(.ARM.Collect$$libshutdown$$0000000E) for __rt_lib_shutdown_heap_1
    libshutdown.o(.ARM.Collect$$libshutdown$$00000000) refers (Special) to libshutdown2.o(.ARM.Collect$$libshutdown$$0000000F) for __rt_lib_shutdown_return
    libshutdown.o(.ARM.Collect$$libshutdown$$00000000) refers (Special) to libshutdown2.o(.ARM.Collect$$libshutdown$$00000009) for __rt_lib_shutdown_signal_1
    libshutdown.o(.ARM.Collect$$libshutdown$$00000000) refers (Special) to libshutdown2.o(.ARM.Collect$$libshutdown$$00000003) for __rt_lib_shutdown_stdio_1
    libshutdown.o(.ARM.Collect$$libshutdown$$00000000) refers (Special) to libshutdown2.o(.ARM.Collect$$libshutdown$$0000000B) for __rt_lib_shutdown_user_alloc_1
    sys_command.o(.text) refers (Special) to use_no_semi.o(.text) for __I$use$semihosting
    defsig_rtmem_outer.o(.text) refers to defsig_rtmem_inner.o(.text) for __rt_SIGRTMEM_inner
    defsig_rtmem_outer.o(.text) refers to defsig_exit.o(.text) for __sig_exit
    defsig_rtmem_formal.o(.text) refers to rt_raise.o(.text) for __rt_raise
    rt_raise.o(.text) refers to __raise.o(.text) for __raise
    rt_raise.o(.text) refers to sys_exit.o(.text) for _sys_exit
    defsig_exit.o(.text) refers to sys_exit.o(.text) for _sys_exit
    defsig_rtmem_inner.o(.text) refers to defsig_general.o(.text) for __default_signal_display
    __raise.o(.text) refers to defsig.o(CL$$defsig) for __default_signal_handler
    defsig_general.o(.text) refers to sys_wrch.o(.text) for _ttywrch
    sys_wrch.o(.text) refers (Special) to use_no_semi.o(.text) for __I$use$semihosting
    defsig.o(CL$$defsig) refers to defsig_rtmem_inner.o(.text) for __rt_SIGRTMEM_inner
    defsig_abrt_inner.o(.text) refers to defsig_general.o(.text) for __default_signal_display
    defsig_fpe_inner.o(.text) refers to defsig_general.o(.text) for __default_signal_display
    defsig_rtred_inner.o(.text) refers to defsig_general.o(.text) for __default_signal_display
    defsig_stak_inner.o(.text) refers to defsig_general.o(.text) for __default_signal_display
    defsig_pvfn_inner.o(.text) refers to defsig_general.o(.text) for __default_signal_display
    defsig_cppl_inner.o(.text) refers to defsig_general.o(.text) for __default_signal_display
    defsig_segv_inner.o(.text) refers to defsig_general.o(.text) for __default_signal_display
    defsig_other.o(.text) refers to defsig_general.o(.text) for __default_signal_display


==============================================================================

Removing Unused input sections from the image.

    Removing system_stm32f10x.o(.constdata), (20 bytes).
    Removing stm32f10x_dbgmcu.o(.text), (48 bytes).
    Removing stm32f10x_exti.o(.text), (348 bytes).
    Removing stm32f10x_rtc.o(.text), (376 bytes).
    Removing stm32f10x_tim.o(.text), (2842 bytes).
    Removing stm32f10x_flash.o(.text), (1340 bytes).
    Removing head.o(.text), (20 bytes).
    Removing os_mbox.o(.text), (964 bytes).
    Removing os_mutex.o(.text), (1596 bytes).
    Removing os_sem.o(.text), (896 bytes).
    Removing os_cpu_c.o(.data), (4 bytes).
    Removing os_dbg.o(.constdata), (2 bytes).

12 unused section(s) (total 8456 bytes) removed from the image.

==============================================================================

Image Symbol Table

    Local Symbols

    Symbol Name                              Value     Ov Type        Size  Object(Section)

    ../../angel/boardlib.s                   0x00000000   Number         0  boardinit1.o ABSOLUTE
    ../../angel/boardlib.s                   0x00000000   Number         0  boardinit2.o ABSOLUTE
    ../../angel/boardlib.s                   0x00000000   Number         0  boardinit3.o ABSOLUTE
    ../../angel/boardlib.s                   0x00000000   Number         0  boardshut.o ABSOLUTE
    ../../angel/handlers.s                   0x00000000   Number         0  __scatter_zi.o ABSOLUTE
    ../../angel/handlers.s                   0x00000000   Number         0  __scatter_copy.o ABSOLUTE
    ../../angel/kernel.s                     0x00000000   Number         0  rtentry.o ABSOLUTE
    ../../angel/kernel.s                     0x00000000   Number         0  rtentry4.o ABSOLUTE
    ../../angel/kernel.s                     0x00000000   Number         0  rtentry2.o ABSOLUTE
    ../../angel/kernel.s                     0x00000000   Number         0  rtexit.o ABSOLUTE
    ../../angel/kernel.s                     0x00000000   Number         0  rtexit2.o ABSOLUTE
    ../../angel/rt.s                         0x00000000   Number         0  rt_fp_status_addr_intlibspace.o ABSOLUTE
    ../../angel/rt.s                         0x00000000   Number         0  rt_fp_status_addr.o ABSOLUTE
    ../../angel/rt.s                         0x00000000   Number         0  rt_raise.o ABSOLUTE
    ../../angel/scatter.s                    0x00000000   Number         0  __scatter.o ABSOLUTE
    ../../angel/startup.s                    0x00000000   Number         0  __main.o ABSOLUTE
    ../../angel/sys.s                        0x00000000   Number         0  sys_stackheap_outer.o ABSOLUTE
    ../../angel/sys.s                        0x00000000   Number         0  use_no_semi.o ABSOLUTE
    ../../angel/sys.s                        0x00000000   Number         0  sys_exit.o ABSOLUTE
    ../../angel/sys.s                        0x00000000   Number         0  libspace.o ABSOLUTE
    ../../angel/sysapp.c                     0x00000000   Number         0  sys_wrch.o ABSOLUTE
    ../../angel/sysapp.c                     0x00000000   Number         0  sys_command.o ABSOLUTE
    ../../armsys.c                           0x00000000   Number         0  no_argv.o ABSOLUTE
    ../../armsys.c                           0x00000000   Number         0  argv_veneer.o ABSOLUTE
    ../../armsys.c                           0x00000000   Number         0  argv_veneer.o ABSOLUTE
    ../../armsys.c                           0x00000000   Number         0  _get_argv_nomalloc.o ABSOLUTE
    ../../fpinit.s                           0x00000000   Number         0  fpinit.o ABSOLUTE
    ../../heapalloc.c                        0x00000000   Number         0  hrguard.o ABSOLUTE
    ../../heapaux.c                          0x00000000   Number         0  heapauxi.o ABSOLUTE
    ../../libinit.s                          0x00000000   Number         0  libinit.o ABSOLUTE
    ../../libinit.s                          0x00000000   Number         0  libinit2.o ABSOLUTE
    ../../libinit.s                          0x00000000   Number         0  libshutdown.o ABSOLUTE
    ../../libinit.s                          0x00000000   Number         0  libshutdown2.o ABSOLUTE
    ../../signal.c                           0x00000000   Number         0  defsig_other.o ABSOLUTE
    ../../signal.c                           0x00000000   Number         0  defsig_segv_inner.o ABSOLUTE
    ../../signal.c                           0x00000000   Number         0  defsig_pvfn_inner.o ABSOLUTE
    ../../signal.c                           0x00000000   Number         0  defsig_stak_inner.o ABSOLUTE
    ../../signal.c                           0x00000000   Number         0  defsig_rtred_inner.o ABSOLUTE
    ../../signal.c                           0x00000000   Number         0  defsig_fpe_inner.o ABSOLUTE
    ../../signal.c                           0x00000000   Number         0  defsig_abrt_inner.o ABSOLUTE
    ../../signal.c                           0x00000000   Number         0  defsig_general.o ABSOLUTE
    ../../signal.c                           0x00000000   Number         0  __raise.o ABSOLUTE
    ../../signal.c                           0x00000000   Number         0  defsig_rtmem_inner.o ABSOLUTE
    ../../signal.c                           0x00000000   Number         0  defsig_cppl_inner.o ABSOLUTE
    ../../signal.c                           0x00000000   Number         0  defsig_rtmem_formal.o ABSOLUTE
    ../../signal.c                           0x00000000   Number         0  defsig_rtmem_outer.o ABSOLUTE
    ../../signal.c                           0x00000000   Number         0  defsig_exit.o ABSOLUTE
    ../../signal.s                           0x00000000   Number         0  defsig.o ABSOLUTE
    ../../stdlib.c                           0x00000000   Number         0  exit.o ABSOLUTE
    ..\APP\task.c                            0x00000000   Number         0  task.o ABSOLUTE
    ..\APP\task2.c                           0x00000000   Number         0  task2.o ABSOLUTE
    ..\Driver\24l01.c                        0x00000000   Number         0  24l01.o ABSOLUTE
    ..\Driver\tty.c                          0x00000000   Number         0  tty.o ABSOLUTE
    ..\Driver\usart.c                        0x00000000   Number         0  usart.o ABSOLUTE
    ..\FWlib\SRC\misc.c                      0x00000000   Number         0  misc.o ABSOLUTE
    ..\FWlib\SRC\stm32f10x_dbgmcu.c          0x00000000   Number         0  stm32f10x_dbgmcu.o ABSOLUTE
    ..\FWlib\SRC\stm32f10x_exti.c            0x00000000   Number         0  stm32f10x_exti.o ABSOLUTE
    ..\FWlib\SRC\stm32f10x_flash.c           0x00000000   Number         0  stm32f10x_flash.o ABSOLUTE
    ..\FWlib\SRC\stm32f10x_gpio.c            0x00000000   Number         0  stm32f10x_gpio.o ABSOLUTE
    ..\FWlib\SRC\stm32f10x_rcc.c             0x00000000   Number         0  stm32f10x_rcc.o ABSOLUTE
    ..\FWlib\SRC\stm32f10x_rtc.c             0x00000000   Number         0  stm32f10x_rtc.o ABSOLUTE
    ..\FWlib\SRC\stm32f10x_spi.c             0x00000000   Number         0  stm32f10x_spi.o ABSOLUTE
    ..\FWlib\SRC\stm32f10x_tim.c             0x00000000   Number         0  stm32f10x_tim.o ABSOLUTE
    ..\FWlib\SRC\stm32f10x_usart.c           0x00000000   Number         0  stm32f10x_usart.o ABSOLUTE
    ..\includes\head.c                       0x00000000   Number         0  head.o ABSOLUTE
    ..\init\CONFIG.c                         0x00000000   Number         0  config.o ABSOLUTE
    ..\init\Delay.c                          0x00000000   Number         0  delay.o ABSOLUTE
    ..\init\main.c                           0x00000000   Number         0  main.o ABSOLUTE
    ..\init\stm32f10x_it.c                   0x00000000   Number         0  stm32f10x_it.o ABSOLUTE
    ..\init\system_stm32f10x.c               0x00000000   Number         0  system_stm32f10x.o ABSOLUTE
    ..\kernel\CPU\os_cpu_a.asm               0x00000000   Number         0  os_cpu_a.o ABSOLUTE
    ..\kernel\CPU\os_cpu_c.c                 0x00000000   Number         0  os_cpu_c.o ABSOLUTE
    ..\kernel\CPU\os_dbg.c                   0x00000000   Number         0  os_dbg.o ABSOLUTE
    ..\kernel\CPU\os_dbg_r.c                 0x00000000   Number         0  os_dbg_r.o ABSOLUTE
    ..\kernel\os_core.c                      0x00000000   Number         0  os_core.o ABSOLUTE
    ..\kernel\os_flag.c                      0x00000000   Number         0  os_flag.o ABSOLUTE
    ..\kernel\os_mbox.c                      0x00000000   Number         0  os_mbox.o ABSOLUTE
    ..\kernel\os_mem.c                       0x00000000   Number         0  os_mem.o ABSOLUTE
    ..\kernel\os_mutex.c                     0x00000000   Number         0  os_mutex.o ABSOLUTE
    ..\kernel\os_q.c                         0x00000000   Number         0  os_q.o ABSOLUTE
    ..\kernel\os_sem.c                       0x00000000   Number         0  os_sem.o ABSOLUTE
    ..\kernel\os_task.c                      0x00000000   Number         0  os_task.o ABSOLUTE
    ..\kernel\os_time.c                      0x00000000   Number         0  os_time.o ABSOLUTE
    ..\kernel\os_tmr.c                       0x00000000   Number         0  os_tmr.o ABSOLUTE
    ..\startup\startup_stm32f10x_cl.s        0x00000000   Number         0  startup_stm32f10x_cl.o ABSOLUTE
    dc.s                                     0x00000000   Number         0  dc.o ABSOLUTE
    RESET                                    0x08000000   Section      336  startup_stm32f10x_cl.o(RESET)
    !!!main                                  0x08000150   Section        8  __main.o(!!!main)
    !!!scatter                               0x08000158   Section       52  __scatter.o(!!!scatter)
    !!handler_copy                           0x0800018c   Section       26  __scatter_copy.o(!!handler_copy)
    !!handler_zi                             0x080001a8   Section       28  __scatter_zi.o(!!handler_zi)
    .ARM.Collect$$libinit$$00000000          0x080001c4   Section        6  libinit.o(.ARM.Collect$$libinit$$00000000)
    .ARM.Collect$$libinit$$00000006          0x080001ca   Section        0  libinit2.o(.ARM.Collect$$libinit$$00000006)
    .ARM.Collect$$libinit$$00000008          0x080001ca   Section        0  libinit2.o(.ARM.Collect$$libinit$$00000008)
    .ARM.Collect$$libinit$$0000000A          0x080001ca   Section        0  libinit2.o(.ARM.Collect$$libinit$$0000000A)
    .ARM.Collect$$libinit$$0000000D          0x080001ca   Section        0  libinit2.o(.ARM.Collect$$libinit$$0000000D)
    .ARM.Collect$$libinit$$0000000F          0x080001ca   Section        0  libinit2.o(.ARM.Collect$$libinit$$0000000F)
    .ARM.Collect$$libinit$$00000011          0x080001ca   Section        0  libinit2.o(.ARM.Collect$$libinit$$00000011)
    .ARM.Collect$$libinit$$00000013          0x080001ca   Section        0  libinit2.o(.ARM.Collect$$libinit$$00000013)
    .ARM.Collect$$libinit$$00000015          0x080001ca   Section        0  libinit2.o(.ARM.Collect$$libinit$$00000015)
    .ARM.Collect$$libinit$$00000017          0x080001ca   Section        0  libinit2.o(.ARM.Collect$$libinit$$00000017)
    .ARM.Collect$$libinit$$00000019          0x080001ca   Section        0  libinit2.o(.ARM.Collect$$libinit$$00000019)
    .ARM.Collect$$libinit$$0000001B          0x080001ca   Section        0  libinit2.o(.ARM.Collect$$libinit$$0000001B)
    .ARM.Collect$$libinit$$0000001D          0x080001ca   Section        0  libinit2.o(.ARM.Collect$$libinit$$0000001D)
    .ARM.Collect$$libinit$$0000001F          0x080001ca   Section        0  libinit2.o(.ARM.Collect$$libinit$$0000001F)
    .ARM.Collect$$libinit$$00000021          0x080001ca   Section        0  libinit2.o(.ARM.Collect$$libinit$$00000021)
    .ARM.Collect$$libinit$$00000028          0x080001ca   Section        0  libinit2.o(.ARM.Collect$$libinit$$00000028)
    .ARM.Collect$$libinit$$0000002A          0x080001ca   Section        0  libinit2.o(.ARM.Collect$$libinit$$0000002A)
    .ARM.Collect$$libinit$$0000002C          0x080001ca   Section        0  libinit2.o(.ARM.Collect$$libinit$$0000002C)
    .ARM.Collect$$libinit$$0000002E          0x080001ca   Section        0  libinit2.o(.ARM.Collect$$libinit$$0000002E)
    .ARM.Collect$$libinit$$0000002F          0x080001ca   Section        2  libinit2.o(.ARM.Collect$$libinit$$0000002F)
    .ARM.Collect$$libshutdown$$00000000      0x080001cc   Section        2  libshutdown.o(.ARM.Collect$$libshutdown$$00000000)
    .ARM.Collect$$libshutdown$$00000003      0x080001ce   Section        0  libshutdown2.o(.ARM.Collect$$libshutdown$$00000003)
    .ARM.Collect$$libshutdown$$00000006      0x080001ce   Section        0  libshutdown2.o(.ARM.Collect$$libshutdown$$00000006)
    .ARM.Collect$$libshutdown$$00000009      0x080001ce   Section        0  libshutdown2.o(.ARM.Collect$$libshutdown$$00000009)
    .ARM.Collect$$libshutdown$$0000000B      0x080001ce   Section        0  libshutdown2.o(.ARM.Collect$$libshutdown$$0000000B)
    .ARM.Collect$$libshutdown$$0000000E      0x080001ce   Section        0  libshutdown2.o(.ARM.Collect$$libshutdown$$0000000E)
    .ARM.Collect$$libshutdown$$0000000F      0x080001ce   Section        2  libshutdown2.o(.ARM.Collect$$libshutdown$$0000000F)
    .ARM.Collect$$rtentry$$00000000          0x080001d0   Section        0  rtentry.o(.ARM.Collect$$rtentry$$00000000)
    .ARM.Collect$$rtentry$$00000002          0x080001d0   Section        0  rtentry2.o(.ARM.Collect$$rtentry$$00000002)
    .ARM.Collect$$rtentry$$00000004          0x080001d0   Section        6  rtentry4.o(.ARM.Collect$$rtentry$$00000004)
    .ARM.Collect$$rtentry$$00000009          0x080001d6   Section        0  rtentry2.o(.ARM.Collect$$rtentry$$00000009)
    .ARM.Collect$$rtentry$$0000000A          0x080001d6   Section        4  rtentry2.o(.ARM.Collect$$rtentry$$0000000A)
    .ARM.Collect$$rtentry$$0000000C          0x080001da   Section        0  rtentry2.o(.ARM.Collect$$rtentry$$0000000C)
    .ARM.Collect$$rtentry$$0000000D          0x080001da   Section        8  rtentry2.o(.ARM.Collect$$rtentry$$0000000D)
    .ARM.Collect$$rtexit$$00000000           0x080001e2   Section        2  rtexit.o(.ARM.Collect$$rtexit$$00000000)
    .ARM.Collect$$rtexit$$00000002           0x080001e4   Section        0  rtexit2.o(.ARM.Collect$$rtexit$$00000002)
    .ARM.Collect$$rtexit$$00000003           0x080001e4   Section        4  rtexit2.o(.ARM.Collect$$rtexit$$00000003)
    .ARM.Collect$$rtexit$$00000004           0x080001e8   Section        6  rtexit2.o(.ARM.Collect$$rtexit$$00000004)
    .text                                    0x080001f0   Section       64  startup_stm32f10x_cl.o(.text)
    .text                                    0x08000230   Section        0  main.o(.text)
    .text                                    0x080002a0   Section        0  stm32f10x_it.o(.text)
    .text                                    0x080002b8   Section        0  system_stm32f10x.o(.text)
    SetSysClockTo72                          0x080002b9   Thumb Code   198  system_stm32f10x.o(.text)
    SetSysClock                              0x0800037f   Thumb Code     8  system_stm32f10x.o(.text)
    .text                                    0x080003dc   Section        0  delay.o(.text)
    .text                                    0x080004e4   Section        0  config.o(.text)
    .text                                    0x08000588   Section        0  misc.o(.text)
    .text                                    0x08000680   Section        0  stm32f10x_gpio.o(.text)
    .text                                    0x080009a0   Section        0  stm32f10x_rcc.o(.text)
    .text                                    0x08000d38   Section        0  stm32f10x_usart.o(.text)
    .text                                    0x080010a8   Section        0  stm32f10x_spi.o(.text)
    .text                                    0x080013a8   Section        0  tty.o(.text)
    .text                                    0x08001460   Section        0  usart.o(.text)
    .text                                    0x08001668   Section        0  24l01.o(.text)
    .text                                    0x08001a00   Section        0  os_core.o(.text)
    OS_InitTaskStat                          0x08001aad   Thumb Code    56  os_core.o(.text)
    OS_InitTaskIdle                          0x08001b09   Thumb Code    56  os_core.o(.text)
    OS_InitEventList                         0x08001b53   Thumb Code    74  os_core.o(.text)
    OS_InitTCBList                           0x08001b9d   Thumb Code   106  os_core.o(.text)
    OS_InitRdyList                           0x08001c07   Thumb Code    44  os_core.o(.text)
    OS_InitMisc                              0x08001c33   Thumb Code    44  os_core.o(.text)
    OS_SchedNew                              0x08001ca7   Thumb Code    26  os_core.o(.text)
    .text                                    0x080022f8   Section        0  os_flag.o(.text)
    OS_FlagTaskRdy                           0x08002487   Thumb Code    96  os_flag.o(.text)
    OS_FlagBlock                             0x08002647   Thumb Code   166  os_flag.o(.text)
    .text                                    0x08002b84   Section        0  os_q.o(.text)
    .text                                    0x08003178   Section        0  os_task.o(.text)
    .text                                    0x0800397c   Section        0  os_time.o(.text)
    .text                                    0x08003b38   Section        0  os_cpu_c.o(.text)
    .text                                    0x08003be8   Section      180  os_cpu_a.o(.text)
    .text                                    0x08003c9c   Section        0  task.o(.text)
    .text                                    0x08003d68   Section        0  task2.o(.text)
    .text                                    0x08003d78   Section        0  heapauxi.o(.text)
    .text                                    0x08003d7e   Section       74  sys_stackheap_outer.o(.text)
    .text                                    0x08003dc8   Section        0  exit.o(.text)
    .text                                    0x08003dd4   Section        8  libspace.o(.text)
    .text                                    0x08003ddc   Section       12  rt_fp_status_addr_intlibspace.o(.text)
    .text                                    0x08003de8   Section       20  sys_exit.o(.text)
    .text                                    0x08003dfc   Section        2  use_no_semi.o(.text)
    x$fpl$fpinit                             0x08003dfe   Section       14  fpinit.o(x$fpl$fpinit)
    .constdata                               0x08003e0c   Section       10  24l01.o(.constdata)
    .constdata                               0x08003e16   Section      256  os_core.o(.constdata)
    .data                                    0x20000000   Section        4  delay.o(.data)
    fac_us                                   0x20000000   Data           1  delay.o(.data)
    fac_ms                                   0x20000002   Data           2  delay.o(.data)
    .data                                    0x20000004   Section       20  stm32f10x_rcc.o(.data)
    APBAHBPrescTable                         0x20000004   Data          16  stm32f10x_rcc.o(.data)
    ADCPrescTable                            0x20000014   Data           4  stm32f10x_rcc.o(.data)
    .data                                    0x20000018   Section       10  usart.o(.data)
    i                                        0x20000018   Data           1  usart.o(.data)
    Head                                     0x20000019   Data           6  usart.o(.data)
    cmd                                      0x2000001f   Data           3  usart.o(.data)
    .data                                    0x20000024   Section       72  os_core.o(.data)
    .bss                                     0x2000006c   Section      768  main.o(.bss)
    .bss                                     0x2000036c   Section       20  usart.o(.bss)
    .bss                                     0x20000380   Section     2688  os_core.o(.bss)
    .bss                                     0x20000e00   Section       96  libspace.o(.bss)
    HEAP                                     0x20000e60   Section      512  startup_stm32f10x_cl.o(HEAP)
    Heap_Mem                                 0x20000e60   Data         512  startup_stm32f10x_cl.o(HEAP)
    STACK                                    0x20001060   Section     1024  startup_stm32f10x_cl.o(STACK)
    Stack_Mem                                0x20001060   Data        1024  startup_stm32f10x_cl.o(STACK)
    __initial_sp                             0x20001460   Data           0  startup_stm32f10x_cl.o(STACK)

    Global Symbols

    Symbol Name                              Value     Ov Type        Size  Object(Section)

    BuildAttributes$$THM_ISAv4$P$D$K$B$S$PE$A:L22UL41UL21$X:L11$S22US41US21$IEEE1$IW$USESV6$~STKCKD$USESV7$~SHL$OSPACE$ROPI$EBA8$UX$STANDARDLIB$REQ8$PRES8$EABIv2 0x00000000   Number         0  anon$$obj.o ABSOLUTE
    __ARM_use_no_argv                        0x00000000   Number         0  main.o ABSOLUTE
    __ARM_exceptions_init                     - Undefined Weak Reference
    __alloca_initialize                       - Undefined Weak Reference
    __cpp_initialize__aeabi_                  - Undefined Weak Reference
    __cxa_finalize                            - Undefined Weak Reference
    __rt_locale                               - Undefined Weak Reference
    __sigvec_lookup                           - Undefined Weak Reference
    _atexit_init                              - Undefined Weak Reference
    _call_atexit_fns                          - Undefined Weak Reference
    _clock_init                               - Undefined Weak Reference
    _fp_trap_init                             - Undefined Weak Reference
    _fp_trap_shutdown                         - Undefined Weak Reference
    _get_lc_collate                           - Undefined Weak Reference
    _get_lc_ctype                             - Undefined Weak Reference
    _get_lc_monetary                          - Undefined Weak Reference
    _get_lc_numeric                           - Undefined Weak Reference
    _get_lc_time                              - Undefined Weak Reference
    _getenv_init                              - Undefined Weak Reference
    _handle_redirection                       - Undefined Weak Reference
    _init_alloc                               - Undefined Weak Reference
    _init_user_alloc                          - Undefined Weak Reference
    _initio                                   - Undefined Weak Reference
    _rand_init                                - Undefined Weak Reference
    _signal_finish                            - Undefined Weak Reference
    _signal_init                              - Undefined Weak Reference
    _terminate_alloc                          - Undefined Weak Reference
    _terminate_user_alloc                     - Undefined Weak Reference
    _terminateio                              - Undefined Weak Reference
    __Vectors_Size                           0x00000150   Number         0  startup_stm32f10x_cl.o ABSOLUTE
    __Vectors                                0x08000000   Data           4  startup_stm32f10x_cl.o(RESET)
    __Vectors_End                            0x08000150   Data           0  startup_stm32f10x_cl.o(RESET)
    __main                                   0x08000151   Thumb Code     8  __main.o(!!!main)
    __scatterload                            0x08000159   Thumb Code     0  __scatter.o(!!!scatter)
    __scatterload_rt2                        0x08000159   Thumb Code    44  __scatter.o(!!!scatter)
    __scatterload_rt2_thumb_only             0x08000159   Thumb Code     0  __scatter.o(!!!scatter)
    __scatterload_null                       0x08000167   Thumb Code     0  __scatter.o(!!!scatter)
    __scatterload_copy                       0x0800018d   Thumb Code    26  __scatter_copy.o(!!handler_copy)
    __scatterload_zeroinit                   0x080001a9   Thumb Code    28  __scatter_zi.o(!!handler_zi)
    __rt_lib_init                            0x080001c5   Thumb Code     0  libinit.o(.ARM.Collect$$libinit$$00000000)
    __rt_lib_init_alloca_1                   0x080001cb   Thumb Code     0  libinit2.o(.ARM.Collect$$libinit$$0000002A)
    __rt_lib_init_argv_1                     0x080001cb   Thumb Code     0  libinit2.o(.ARM.Collect$$libinit$$00000028)
    __rt_lib_init_atexit_1                   0x080001cb   Thumb Code     0  libinit2.o(.ARM.Collect$$libinit$$00000017)
    __rt_lib_init_clock_1                    0x080001cb   Thumb Code     0  libinit2.o(.ARM.Collect$$libinit$$0000001D)
    __rt_lib_init_cpp_1                      0x080001cb   Thumb Code     0  libinit2.o(.ARM.Collect$$libinit$$0000002E)
    __rt_lib_init_exceptions_1               0x080001cb   Thumb Code     0  libinit2.o(.ARM.Collect$$libinit$$0000002C)
    __rt_lib_init_fp_trap_1                  0x080001cb   Thumb Code     0  libinit2.o(.ARM.Collect$$libinit$$0000001B)
    __rt_lib_init_getenv_1                   0x080001cb   Thumb Code     0  libinit2.o(.ARM.Collect$$libinit$$0000001F)
    __rt_lib_init_heap_1                     0x080001cb   Thumb Code     0  libinit2.o(.ARM.Collect$$libinit$$00000006)
    __rt_lib_init_lc_collate_1               0x080001cb   Thumb Code     0  libinit2.o(.ARM.Collect$$libinit$$0000000D)
    __rt_lib_init_lc_ctype_1                 0x080001cb   Thumb Code     0  libinit2.o(.ARM.Collect$$libinit$$0000000F)
    __rt_lib_init_lc_monetary_1              0x080001cb   Thumb Code     0  libinit2.o(.ARM.Collect$$libinit$$00000011)
    __rt_lib_init_lc_numeric_1               0x080001cb   Thumb Code     0  libinit2.o(.ARM.Collect$$libinit$$00000013)
    __rt_lib_init_lc_time_1                  0x080001cb   Thumb Code     0  libinit2.o(.ARM.Collect$$libinit$$00000015)
    __rt_lib_init_rand_1                     0x080001cb   Thumb Code     0  libinit2.o(.ARM.Collect$$libinit$$0000000A)
    __rt_lib_init_return                     0x080001cb   Thumb Code     0  libinit2.o(.ARM.Collect$$libinit$$0000002F)
    __rt_lib_init_signal_1                   0x080001cb   Thumb Code     0  libinit2.o(.ARM.Collect$$libinit$$00000019)
    __rt_lib_init_stdio_1                    0x080001cb   Thumb Code     0  libinit2.o(.ARM.Collect$$libinit$$00000021)
    __rt_lib_init_user_alloc_1               0x080001cb   Thumb Code     0  libinit2.o(.ARM.Collect$$libinit$$00000008)
    __rt_lib_shutdown                        0x080001cd   Thumb Code     0  libshutdown.o(.ARM.Collect$$libshutdown$$00000000)
    __rt_lib_shutdown_fp_trap_1              0x080001cf   Thumb Code     0  libshutdown2.o(.ARM.Collect$$libshutdown$$00000006)
    __rt_lib_shutdown_heap_1                 0x080001cf   Thumb Code     0  libshutdown2.o(.ARM.Collect$$libshutdown$$0000000E)
    __rt_lib_shutdown_return                 0x080001cf   Thumb Code     0  libshutdown2.o(.ARM.Collect$$libshutdown$$0000000F)
    __rt_lib_shutdown_signal_1               0x080001cf   Thumb Code     0  libshutdown2.o(.ARM.Collect$$libshutdown$$00000009)
    __rt_lib_shutdown_stdio_1                0x080001cf   Thumb Code     0  libshutdown2.o(.ARM.Collect$$libshutdown$$00000003)
    __rt_lib_shutdown_user_alloc_1           0x080001cf   Thumb Code     0  libshutdown2.o(.ARM.Collect$$libshutdown$$0000000B)
    __rt_entry                               0x080001d1   Thumb Code     0  rtentry.o(.ARM.Collect$$rtentry$$00000000)
    __rt_entry_presh_1                       0x080001d1   Thumb Code     0  rtentry2.o(.ARM.Collect$$rtentry$$00000002)
    __rt_entry_sh                            0x080001d1   Thumb Code     0  rtentry4.o(.ARM.Collect$$rtentry$$00000004)
    __rt_entry_li                            0x080001d7   Thumb Code     0  rtentry2.o(.ARM.Collect$$rtentry$$0000000A)
    __rt_entry_postsh_1                      0x080001d7   Thumb Code     0  rtentry2.o(.ARM.Collect$$rtentry$$00000009)
    __rt_entry_main                          0x080001db   Thumb Code     0  rtentry2.o(.ARM.Collect$$rtentry$$0000000D)
    __rt_entry_postli_1                      0x080001db   Thumb Code     0  rtentry2.o(.ARM.Collect$$rtentry$$0000000C)
    __rt_exit                                0x080001e3   Thumb Code     0  rtexit.o(.ARM.Collect$$rtexit$$00000000)
    __rt_exit_ls                             0x080001e5   Thumb Code     0  rtexit2.o(.ARM.Collect$$rtexit$$00000003)
    __rt_exit_prels_1                        0x080001e5   Thumb Code     0  rtexit2.o(.ARM.Collect$$rtexit$$00000002)
    __rt_exit_exit                           0x080001e9   Thumb Code     0  rtexit2.o(.ARM.Collect$$rtexit$$00000004)
    Reset_Handler                            0x080001f1   Thumb Code     8  startup_stm32f10x_cl.o(.text)
    ADC1_2_IRQHandler                        0x0800020b   Thumb Code     0  startup_stm32f10x_cl.o(.text)
    CAN1_RX0_IRQHandler                      0x0800020b   Thumb Code     0  startup_stm32f10x_cl.o(.text)
    CAN1_RX1_IRQHandler                      0x0800020b   Thumb Code     0  startup_stm32f10x_cl.o(.text)
    CAN1_SCE_IRQHandler                      0x0800020b   Thumb Code     0  startup_stm32f10x_cl.o(.text)
    CAN1_TX_IRQHandler                       0x0800020b   Thumb Code     0  startup_stm32f10x_cl.o(.text)
    CAN2_RX0_IRQHandler                      0x0800020b   Thumb Code     0  startup_stm32f10x_cl.o(.text)
    CAN2_RX1_IRQHandler                      0x0800020b   Thumb Code     0  startup_stm32f10x_cl.o(.text)
    CAN2_SCE_IRQHandler                      0x0800020b   Thumb Code     0  startup_stm32f10x_cl.o(.text)
    CAN2_TX_IRQHandler                       0x0800020b   Thumb Code     0  startup_stm32f10x_cl.o(.text)
    DMA1_Channel1_IRQHandler                 0x0800020b   Thumb Code     0  startup_stm32f10x_cl.o(.text)
    DMA1_Channel2_IRQHandler                 0x0800020b   Thumb Code     0  startup_stm32f10x_cl.o(.text)
    DMA1_Channel3_IRQHandler                 0x0800020b   Thumb Code     0  startup_stm32f10x_cl.o(.text)
    DMA1_Channel4_IRQHandler                 0x0800020b   Thumb Code     0  startup_stm32f10x_cl.o(.text)
    DMA1_Channel5_IRQHandler                 0x0800020b   Thumb Code     0  startup_stm32f10x_cl.o(.text)
    DMA1_Channel6_IRQHandler                 0x0800020b   Thumb Code     0  startup_stm32f10x_cl.o(.text)
    DMA1_Channel7_IRQHandler                 0x0800020b   Thumb Code     0  startup_stm32f10x_cl.o(.text)
    DMA2_Channel1_IRQHandler                 0x0800020b   Thumb Code     0  startup_stm32f10x_cl.o(.text)
    DMA2_Channel2_IRQHandler                 0x0800020b   Thumb Code     0  startup_stm32f10x_cl.o(.text)
    DMA2_Channel3_IRQHandler                 0x0800020b   Thumb Code     0  startup_stm32f10x_cl.o(.text)
    DMA2_Channel4_IRQHandler                 0x0800020b   Thumb Code     0  startup_stm32f10x_cl.o(.text)
    DMA2_Channel5_IRQHandler                 0x0800020b   Thumb Code     0  startup_stm32f10x_cl.o(.text)
    ETH_IRQHandler                           0x0800020b   Thumb Code     0  startup_stm32f10x_cl.o(.text)
    ETH_WKUP_IRQHandler                      0x0800020b   Thumb Code     0  startup_stm32f10x_cl.o(.text)
    EXTI0_IRQHandler                         0x0800020b   Thumb Code     0  startup_stm32f10x_cl.o(.text)
    EXTI15_10_IRQHandler                     0x0800020b   Thumb Code     0  startup_stm32f10x_cl.o(.text)
    EXTI1_IRQHandler                         0x0800020b   Thumb Code     0  startup_stm32f10x_cl.o(.text)
    EXTI2_IRQHandler                         0x0800020b   Thumb Code     0  startup_stm32f10x_cl.o(.text)
    EXTI3_IRQHandler                         0x0800020b   Thumb Code     0  startup_stm32f10x_cl.o(.text)
    EXTI4_IRQHandler                         0x0800020b   Thumb Code     0  startup_stm32f10x_cl.o(.text)
    EXTI9_5_IRQHandler                       0x0800020b   Thumb Code     0  startup_stm32f10x_cl.o(.text)
    FLASH_IRQHandler                         0x0800020b   Thumb Code     0  startup_stm32f10x_cl.o(.text)
    I2C1_ER_IRQHandler                       0x0800020b   Thumb Code     0  startup_stm32f10x_cl.o(.text)
    I2C1_EV_IRQHandler                       0x0800020b   Thumb Code     0  startup_stm32f10x_cl.o(.text)
    I2C2_ER_IRQHandler                       0x0800020b   Thumb Code     0  startup_stm32f10x_cl.o(.text)
    I2C2_EV_IRQHandler                       0x0800020b   Thumb Code     0  startup_stm32f10x_cl.o(.text)
    OTG_FS_IRQHandler                        0x0800020b   Thumb Code     0  startup_stm32f10x_cl.o(.text)
    OTG_FS_WKUP_IRQHandler                   0x0800020b   Thumb Code     0  startup_stm32f10x_cl.o(.text)
    PVD_IRQHandler                           0x0800020b   Thumb Code     0  startup_stm32f10x_cl.o(.text)
    RCC_IRQHandler                           0x0800020b   Thumb Code     0  startup_stm32f10x_cl.o(.text)
    RTCAlarm_IRQHandler                      0x0800020b   Thumb Code     0  startup_stm32f10x_cl.o(.text)
    RTC_IRQHandler                           0x0800020b   Thumb Code     0  startup_stm32f10x_cl.o(.text)
    SPI1_IRQHandler                          0x0800020b   Thumb Code     0  startup_stm32f10x_cl.o(.text)
    SPI2_IRQHandler                          0x0800020b   Thumb Code     0  startup_stm32f10x_cl.o(.text)
    SPI3_IRQHandler                          0x0800020b   Thumb Code     0  startup_stm32f10x_cl.o(.text)
    TAMPER_IRQHandler                        0x0800020b   Thumb Code     0  startup_stm32f10x_cl.o(.text)
    TIM1_BRK_IRQHandler                      0x0800020b   Thumb Code     0  startup_stm32f10x_cl.o(.text)
    TIM1_CC_IRQHandler                       0x0800020b   Thumb Code     0  startup_stm32f10x_cl.o(.text)
    TIM1_TRG_COM_IRQHandler                  0x0800020b   Thumb Code     0  startup_stm32f10x_cl.o(.text)
    TIM1_UP_IRQHandler                       0x0800020b   Thumb Code     0  startup_stm32f10x_cl.o(.text)
    TIM2_IRQHandler                          0x0800020b   Thumb Code     0  startup_stm32f10x_cl.o(.text)
    TIM3_IRQHandler                          0x0800020b   Thumb Code     0  startup_stm32f10x_cl.o(.text)
    TIM4_IRQHandler                          0x0800020b   Thumb Code     0  startup_stm32f10x_cl.o(.text)
    TIM5_IRQHandler                          0x0800020b   Thumb Code     0  startup_stm32f10x_cl.o(.text)
    TIM6_IRQHandler                          0x0800020b   Thumb Code     0  startup_stm32f10x_cl.o(.text)
    TIM7_IRQHandler                          0x0800020b   Thumb Code     0  startup_stm32f10x_cl.o(.text)
    UART4_IRQHandler                         0x0800020b   Thumb Code     0  startup_stm32f10x_cl.o(.text)
    UART5_IRQHandler                         0x0800020b   Thumb Code     0  startup_stm32f10x_cl.o(.text)
    USART3_IRQHandler                        0x0800020b   Thumb Code     0  startup_stm32f10x_cl.o(.text)
    WWDG_IRQHandler                          0x0800020b   Thumb Code     0  startup_stm32f10x_cl.o(.text)
    __user_initial_stackheap                 0x0800020d   Thumb Code     0  startup_stm32f10x_cl.o(.text)
    start_task                               0x08000231   Thumb Code    52  main.o(.text)
    main                                     0x08000265   Thumb Code    38  main.o(.text)
    NMI_Handler                              0x080002a1   Thumb Code     2  stm32f10x_it.o(.text)
    HardFault_Handler                        0x080002a3   Thumb Code     4  stm32f10x_it.o(.text)
    MemManage_Handler                        0x080002a7   Thumb Code     4  stm32f10x_it.o(.text)
    BusFault_Handler                         0x080002ab   Thumb Code     4  stm32f10x_it.o(.text)
    UsageFault_Handler                       0x080002af   Thumb Code     4  stm32f10x_it.o(.text)
    SVC_Handler                              0x080002b3   Thumb Code     2  stm32f10x_it.o(.text)
    DebugMon_Handler                         0x080002b5   Thumb Code     2  stm32f10x_it.o(.text)
    SystemInit                               0x08000387   Thumb Code    68  system_stm32f10x.o(.text)
    SysTick_Handler                          0x080003dd   Thumb Code    16  delay.o(.text)
    DelayMs_init                             0x080003ed   Thumb Code    82  delay.o(.text)
    DelayUs                                  0x0800043f   Thumb Code    88  delay.o(.text)
    DelayMs                                  0x08000497   Thumb Code    68  delay.o(.text)
    RCC_Configuration                        0x080004e5   Thumb Code   120  config.o(.text)
    NVIC_Config                              0x0800055d   Thumb Code    40  config.o(.text)
    NVIC_PriorityGroupConfig                 0x08000589   Thumb Code    10  misc.o(.text)
    NVIC_Init                                0x08000593   Thumb Code   118  misc.o(.text)
    NVIC_SetVectorTable                      0x08000609   Thumb Code    12  misc.o(.text)
    NVIC_SystemLPConfig                      0x08000615   Thumb Code    38  misc.o(.text)
    SysTick_CLKSourceConfig                  0x0800063b   Thumb Code    40  misc.o(.text)
    GPIO_DeInit                              0x08000681   Thumb Code   188  stm32f10x_gpio.o(.text)
    GPIO_AFIODeInit                          0x0800073d   Thumb Code    20  stm32f10x_gpio.o(.text)
    GPIO_Init                                0x08000751   Thumb Code   272  stm32f10x_gpio.o(.text)
    GPIO_StructInit                          0x08000861   Thumb Code    16  stm32f10x_gpio.o(.text)
    GPIO_ReadInputDataBit                    0x08000871   Thumb Code    18  stm32f10x_gpio.o(.text)
    GPIO_ReadInputData                       0x08000883   Thumb Code     8  stm32f10x_gpio.o(.text)
    GPIO_ReadOutputDataBit                   0x0800088b   Thumb Code    18  stm32f10x_gpio.o(.text)
    GPIO_ReadOutputData                      0x0800089d   Thumb Code     8  stm32f10x_gpio.o(.text)
    GPIO_SetBits                             0x080008a5   Thumb Code     4  stm32f10x_gpio.o(.text)
    GPIO_ResetBits                           0x080008a9   Thumb Code     4  stm32f10x_gpio.o(.text)
    GPIO_WriteBit                            0x080008ad   Thumb Code    10  stm32f10x_gpio.o(.text)
    GPIO_Write                               0x080008b7   Thumb Code     4  stm32f10x_gpio.o(.text)
    GPIO_PinLockConfig                       0x080008bb   Thumb Code    18  stm32f10x_gpio.o(.text)
    GPIO_EventOutputConfig                   0x080008cd   Thumb Code    24  stm32f10x_gpio.o(.text)
    GPIO_EventOutputCmd                      0x080008e5   Thumb Code     6  stm32f10x_gpio.o(.text)
    GPIO_PinRemapConfig                      0x080008eb   Thumb Code   104  stm32f10x_gpio.o(.text)
    GPIO_EXTILineConfig                      0x08000953   Thumb Code    60  stm32f10x_gpio.o(.text)
    RCC_DeInit                               0x080009a1   Thumb Code    62  stm32f10x_rcc.o(.text)
    RCC_HSEConfig                            0x080009df   Thumb Code    70  stm32f10x_rcc.o(.text)
    RCC_GetFlagStatus                        0x08000a25   Thumb Code    56  stm32f10x_rcc.o(.text)
    RCC_WaitForHSEStartUp                    0x08000a5d   Thumb Code    46  stm32f10x_rcc.o(.text)
    RCC_AdjustHSICalibrationValue            0x08000a8b   Thumb Code    18  stm32f10x_rcc.o(.text)
    RCC_HSICmd                               0x08000a9d   Thumb Code     6  stm32f10x_rcc.o(.text)
    RCC_PLLConfig                            0x08000aa3   Thumb Code    22  stm32f10x_rcc.o(.text)
    RCC_PLLCmd                               0x08000ab9   Thumb Code     6  stm32f10x_rcc.o(.text)
    RCC_SYSCLKConfig                         0x08000abf   Thumb Code    16  stm32f10x_rcc.o(.text)
    RCC_GetSYSCLKSource                      0x08000acf   Thumb Code    10  stm32f10x_rcc.o(.text)
    RCC_HCLKConfig                           0x08000ad9   Thumb Code    16  stm32f10x_rcc.o(.text)
    RCC_PCLK1Config                          0x08000ae9   Thumb Code    16  stm32f10x_rcc.o(.text)
    RCC_PCLK2Config                          0x08000af9   Thumb Code    18  stm32f10x_rcc.o(.text)
    RCC_ITConfig                             0x08000b0b   Thumb Code    30  stm32f10x_rcc.o(.text)
    RCC_USBCLKConfig                         0x08000b29   Thumb Code     6  stm32f10x_rcc.o(.text)
    RCC_ADCCLKConfig                         0x08000b2f   Thumb Code    16  stm32f10x_rcc.o(.text)
    RCC_LSEConfig                            0x08000b3f   Thumb Code    44  stm32f10x_rcc.o(.text)
    RCC_LSICmd                               0x08000b6b   Thumb Code     6  stm32f10x_rcc.o(.text)
    RCC_RTCCLKConfig                         0x08000b71   Thumb Code    12  stm32f10x_rcc.o(.text)
    RCC_RTCCLKCmd                            0x08000b7d   Thumb Code     6  stm32f10x_rcc.o(.text)
    RCC_GetClocksFreq                        0x08000b83   Thumb Code   194  stm32f10x_rcc.o(.text)
    RCC_AHBPeriphClockCmd                    0x08000c45   Thumb Code    26  stm32f10x_rcc.o(.text)
    RCC_APB2PeriphClockCmd                   0x08000c5f   Thumb Code    26  stm32f10x_rcc.o(.text)
    RCC_APB1PeriphClockCmd                   0x08000c79   Thumb Code    26  stm32f10x_rcc.o(.text)
    RCC_APB2PeriphResetCmd                   0x08000c93   Thumb Code    26  stm32f10x_rcc.o(.text)
    RCC_APB1PeriphResetCmd                   0x08000cad   Thumb Code    26  stm32f10x_rcc.o(.text)
    RCC_BackupResetCmd                       0x08000cc7   Thumb Code     6  stm32f10x_rcc.o(.text)
    RCC_ClockSecuritySystemCmd               0x08000ccd   Thumb Code     6  stm32f10x_rcc.o(.text)
    RCC_MCOConfig                            0x08000cd3   Thumb Code     6  stm32f10x_rcc.o(.text)
    RCC_ClearFlag                            0x08000cd9   Thumb Code    14  stm32f10x_rcc.o(.text)
    RCC_GetITStatus                          0x08000ce7   Thumb Code    20  stm32f10x_rcc.o(.text)
    RCC_ClearITPendingBit                    0x08000cfb   Thumb Code     6  stm32f10x_rcc.o(.text)
    USART_DeInit                             0x08000d39   Thumb Code   146  stm32f10x_usart.o(.text)
    USART_Init                               0x08000dcb   Thumb Code   150  stm32f10x_usart.o(.text)
    USART_StructInit                         0x08000e61   Thumb Code    24  stm32f10x_usart.o(.text)
    USART_ClockInit                          0x08000e79   Thumb Code    32  stm32f10x_usart.o(.text)
    USART_ClockStructInit                    0x08000e99   Thumb Code    12  stm32f10x_usart.o(.text)
    USART_Cmd                                0x08000ea5   Thumb Code    24  stm32f10x_usart.o(.text)
    USART_ITConfig                           0x08000ebd   Thumb Code    62  stm32f10x_usart.o(.text)
    USART_DMACmd                             0x08000efb   Thumb Code    24  stm32f10x_usart.o(.text)
    USART_SetAddress                         0x08000f13   Thumb Code    18  stm32f10x_usart.o(.text)
    USART_WakeUpConfig                       0x08000f25   Thumb Code    18  stm32f10x_usart.o(.text)
    USART_ReceiverWakeUpCmd                  0x08000f37   Thumb Code    24  stm32f10x_usart.o(.text)
    USART_LINBreakDetectLengthConfig         0x08000f4f   Thumb Code    18  stm32f10x_usart.o(.text)
    USART_LINCmd                             0x08000f61   Thumb Code    24  stm32f10x_usart.o(.text)
    USART_SendData                           0x08000f79   Thumb Code     8  stm32f10x_usart.o(.text)
    USART_ReceiveData                        0x08000f81   Thumb Code    10  stm32f10x_usart.o(.text)
    USART_SendBreak                          0x08000f8b   Thumb Code    10  stm32f10x_usart.o(.text)
    USART_SetGuardTime                       0x08000f95   Thumb Code    16  stm32f10x_usart.o(.text)
    USART_SetPrescaler                       0x08000fa5   Thumb Code    16  stm32f10x_usart.o(.text)
    USART_SmartCardCmd                       0x08000fb5   Thumb Code    24  stm32f10x_usart.o(.text)
    USART_SmartCardNACKCmd                   0x08000fcd   Thumb Code    24  stm32f10x_usart.o(.text)
    USART_HalfDuplexCmd                      0x08000fe5   Thumb Code    24  stm32f10x_usart.o(.text)
    USART_IrDAConfig                         0x08000ffd   Thumb Code    18  stm32f10x_usart.o(.text)
    USART_IrDACmd                            0x0800100f   Thumb Code    24  stm32f10x_usart.o(.text)
    USART_GetFlagStatus                      0x08001027   Thumb Code    18  stm32f10x_usart.o(.text)
    USART_ClearFlag                          0x08001039   Thumb Code     6  stm32f10x_usart.o(.text)
    USART_GetITStatus                        0x0800103f   Thumb Code    74  stm32f10x_usart.o(.text)
    USART_ClearITPendingBit                  0x08001089   Thumb Code    20  stm32f10x_usart.o(.text)
    SPI_I2S_DeInit                           0x080010a9   Thumb Code    88  stm32f10x_spi.o(.text)
    SPI_Init                                 0x08001101   Thumb Code    60  stm32f10x_spi.o(.text)
    I2S_Init                                 0x0800113d   Thumb Code   200  stm32f10x_spi.o(.text)
    SPI_StructInit                           0x08001205   Thumb Code    24  stm32f10x_spi.o(.text)
    I2S_StructInit                           0x0800121d   Thumb Code    20  stm32f10x_spi.o(.text)
    SPI_Cmd                                  0x08001231   Thumb Code    24  stm32f10x_spi.o(.text)
    I2S_Cmd                                  0x08001249   Thumb Code    24  stm32f10x_spi.o(.text)
    SPI_I2S_ITConfig                         0x08001261   Thumb Code    36  stm32f10x_spi.o(.text)
    SPI_I2S_DMACmd                           0x08001285   Thumb Code    24  stm32f10x_spi.o(.text)
    SPI_I2S_SendData                         0x0800129d   Thumb Code     4  stm32f10x_spi.o(.text)
    SPI_I2S_ReceiveData                      0x080012a1   Thumb Code     6  stm32f10x_spi.o(.text)
    SPI_NSSInternalSoftwareConfig            0x080012a7   Thumb Code    30  stm32f10x_spi.o(.text)
    SPI_SSOutputCmd                          0x080012c5   Thumb Code    24  stm32f10x_spi.o(.text)
    SPI_DataSizeConfig                       0x080012dd   Thumb Code    18  stm32f10x_spi.o(.text)
    SPI_TransmitCRC                          0x080012ef   Thumb Code    10  stm32f10x_spi.o(.text)
    SPI_CalculateCRC                         0x080012f9   Thumb Code    24  stm32f10x_spi.o(.text)
    SPI_GetCRC                               0x08001311   Thumb Code    16  stm32f10x_spi.o(.text)
    SPI_GetCRCPolynomial                     0x08001321   Thumb Code     6  stm32f10x_spi.o(.text)
    SPI_BiDirectionalLineConfig              0x08001327   Thumb Code    28  stm32f10x_spi.o(.text)
    SPI_I2S_GetFlagStatus                    0x08001343   Thumb Code    18  stm32f10x_spi.o(.text)
    SPI_I2S_ClearFlag                        0x08001355   Thumb Code     6  stm32f10x_spi.o(.text)
    SPI_I2S_GetITStatus                      0x0800135b   Thumb Code    52  stm32f10x_spi.o(.text)
    SPI_I2S_ClearITPendingBit                0x0800138f   Thumb Code    20  stm32f10x_spi.o(.text)
    tty_init                                 0x080013a9   Thumb Code   116  tty.o(.text)
    USART1_IRQHandler                        0x0800141d   Thumb Code    12  tty.o(.text)
    tty_command                              0x08001429   Thumb Code     6  tty.o(.text)
    tty_printf                               0x0800142f   Thumb Code    40  tty.o(.text)
    usart_init                               0x08001461   Thumb Code   124  usart.o(.text)
    USART2_IRQHandler                        0x080014dd   Thumb Code   342  usart.o(.text)
    usart_send                               0x08001633   Thumb Code    38  usart.o(.text)
    SPI_NRF_RW                               0x08001669   Thumb Code    50  24l01.o(.text)
    NRF24L01_Write_Reg                       0x0800169b   Thumb Code    44  24l01.o(.text)
    NRF24L01_Read_Reg                        0x080016c7   Thumb Code    42  24l01.o(.text)
    NRF24L01_Init                            0x080016f1   Thumb Code   208  24l01.o(.text)
    NRF24L01_Read_Buf                        0x080017c1   Thumb Code    64  24l01.o(.text)
    NRF24L01_Write_Buf                       0x08001801   Thumb Code    80  24l01.o(.text)
    NRF24L01_Check                           0x08001851   Thumb Code    68  24l01.o(.text)
    NRF_Tx_Dat                               0x08001895   Thumb Code    96  24l01.o(.text)
    NRF_Rx_Dat                               0x080018f5   Thumb Code    76  24l01.o(.text)
    NRF_RX_Mode                              0x08001941   Thumb Code    74  24l01.o(.text)
    NRF_TX_Mode                              0x0800198b   Thumb Code    94  24l01.o(.text)
    OS_TaskStatStkChk                        0x08001a01   Thumb Code    54  os_core.o(.text)
    OS_TaskStat                              0x08001a37   Thumb Code   118  os_core.o(.text)
    OS_TaskIdle                              0x08001ae5   Thumb Code    36  os_core.o(.text)
    OS_MemClr                                0x08001b41   Thumb Code    18  os_core.o(.text)
    OSInit                                   0x08001c5f   Thumb Code    44  os_core.o(.text)
    OSIntEnter                               0x08001c8b   Thumb Code    28  os_core.o(.text)
    OSIntExit                                0x08001cc1   Thumb Code   112  os_core.o(.text)
    OSSchedLock                              0x08001d31   Thumb Code    50  os_core.o(.text)
    OS_Sched                                 0x08001d63   Thumb Code    88  os_core.o(.text)
    OSSchedUnlock                            0x08001dbb   Thumb Code   230  os_core.o(.text)
    OSStart                                  0x08001ea1   Thumb Code    48  os_core.o(.text)
    OSStatInit                               0x08001ed1   Thumb Code    62  os_core.o(.text)
    OSTimeTick                               0x08001f0f   Thumb Code   216  os_core.o(.text)
    OSVersion                                0x08001fe7   Thumb Code     6  os_core.o(.text)
    OS_Dummy                                 0x08001fed   Thumb Code     2  os_core.o(.text)
    OS_EventTaskRemove                       0x08001fef   Thumb Code    48  os_core.o(.text)
    OS_EventTaskRdy                          0x0800201f   Thumb Code   130  os_core.o(.text)
    OS_EventTaskWait                         0x080020a1   Thumb Code   120  os_core.o(.text)
    OS_EventWaitListInit                     0x08002119   Thumb Code    26  os_core.o(.text)
    OS_MemCopy                               0x08002133   Thumb Code    20  os_core.o(.text)
    OS_StrLen                                0x08002147   Thumb Code    20  os_core.o(.text)
    OS_TCBInit                               0x0800215b   Thumb Code   414  os_core.o(.text)
    OSFlagAccept                             0x080022f9   Thumb Code   278  os_flag.o(.text)
    OSFlagCreate                             0x0800240f   Thumb Code    86  os_flag.o(.text)
    OS_FlagUnlink                            0x08002465   Thumb Code    34  os_flag.o(.text)
    OSFlagDel                                0x080024e7   Thumb Code   208  os_flag.o(.text)
    OSFlagNameGet                            0x080025b7   Thumb Code    80  os_flag.o(.text)
    OSFlagNameSet                            0x08002607   Thumb Code    64  os_flag.o(.text)
    OSFlagPend                               0x080026ed   Thumb Code   668  os_flag.o(.text)
    OSFlagPendGetFlagsRdy                    0x08002989   Thumb Code    26  os_flag.o(.text)
    OSFlagPost                               0x080029a3   Thumb Code   342  os_flag.o(.text)
    OSFlagQuery                              0x08002af9   Thumb Code    48  os_flag.o(.text)
    OS_FlagInit                              0x08002b29   Thumb Code    78  os_flag.o(.text)
    OSQAccept                                0x08002b85   Thumb Code    88  os_q.o(.text)
    OSQCreate                                0x08002bdd   Thumb Code   140  os_q.o(.text)
    OSQDel                                   0x08002c69   Thumb Code   232  os_q.o(.text)
    OSQFlush                                 0x08002d51   Thumb Code    36  os_q.o(.text)
    OSQPend                                  0x08002d75   Thumb Code   290  os_q.o(.text)
    OSQPendAbort                             0x08002e97   Thumb Code   126  os_q.o(.text)
    OSQPost                                  0x08002f15   Thumb Code   114  os_q.o(.text)
    OSQPostFront                             0x08002f87   Thumb Code   136  os_q.o(.text)
    OSQPostOpt                               0x0800300f   Thumb Code   182  os_q.o(.text)
    OSQQuery                                 0x080030c5   Thumb Code    98  os_q.o(.text)
    OS_QInit                                 0x08003127   Thumb Code    72  os_q.o(.text)
    OSTaskChangePrio                         0x08003179   Thumb Code   344  os_task.o(.text)
    OSTaskCreate                             0x080032d1   Thumb Code   146  os_task.o(.text)
    OS_TaskStkClr                            0x08003363   Thumb Code    26  os_task.o(.text)
    OSTaskCreateExt                          0x0800337d   Thumb Code   174  os_task.o(.text)
    OSTaskDel                                0x0800342b   Thumb Code   302  os_task.o(.text)
    OSTaskDelReq                             0x08003559   Thumb Code   148  os_task.o(.text)
    OSTaskNameGet                            0x080035ed   Thumb Code   114  os_task.o(.text)
    OSTaskNameSet                            0x0800365f   Thumb Code    96  os_task.o(.text)
    OSTaskResume                             0x080036bf   Thumb Code   160  os_task.o(.text)
    OSTaskStkChk                             0x0800375f   Thumb Code   134  os_task.o(.text)
    OSTaskSuspend                            0x080037e5   Thumb Code   160  os_task.o(.text)
    OSTaskQuery                              0x08003885   Thumb Code    82  os_task.o(.text)
    OSTaskRegGet                             0x080038d7   Thumb Code    60  os_task.o(.text)
    OSTaskRegSet                             0x08003913   Thumb Code    62  os_task.o(.text)
    OS_TaskReturn                            0x08003951   Thumb Code    18  os_task.o(.text)
    OSTimeDly                                0x0800397d   Thumb Code   106  os_time.o(.text)
    OSTimeDlyHMSM                            0x080039e7   Thumb Code    86  os_time.o(.text)
    OSTimeDlyResume                          0x08003a3d   Thumb Code   176  os_time.o(.text)
    OSTimeGet                                0x08003aed   Thumb Code    24  os_time.o(.text)
    OSTimeSet                                0x08003b05   Thumb Code    24  os_time.o(.text)
    OSInitHookBegin                          0x08003b39   Thumb Code     2  os_cpu_c.o(.text)
    OSInitHookEnd                            0x08003b3b   Thumb Code     2  os_cpu_c.o(.text)
    OSTaskCreateHook                         0x08003b3d   Thumb Code     2  os_cpu_c.o(.text)
    OSTaskDelHook                            0x08003b3f   Thumb Code     2  os_cpu_c.o(.text)
    OSTaskIdleHook                           0x08003b41   Thumb Code     2  os_cpu_c.o(.text)
    OSTaskStatHook                           0x08003b43   Thumb Code     2  os_cpu_c.o(.text)
    OSTaskStkInit                            0x08003b45   Thumb Code   154  os_cpu_c.o(.text)
    OSTaskSwHook                             0x08003bdf   Thumb Code     2  os_cpu_c.o(.text)
    OSTCBInitHook                            0x08003be1   Thumb Code     2  os_cpu_c.o(.text)
    OSTimeTickHook                           0x08003be3   Thumb Code     2  os_cpu_c.o(.text)
    OSTaskReturnHook                         0x08003be5   Thumb Code     2  os_cpu_c.o(.text)
    OS_CPU_SR_Save                           0x08003be9   Thumb Code     0  os_cpu_a.o(.text)
    OS_CPU_SR_Restore                        0x08003bf1   Thumb Code     0  os_cpu_a.o(.text)
    OSStartHighRdy                           0x08003bf7   Thumb Code     0  os_cpu_a.o(.text)
    OSCtxSw                                  0x08003c19   Thumb Code     0  os_cpu_a.o(.text)
    OSIntCtxSw                               0x08003c27   Thumb Code     0  os_cpu_a.o(.text)
    PendSV_Handler                           0x08003c37   Thumb Code     0  os_cpu_a.o(.text)
    task1                                    0x08003c9d   Thumb Code   106  task.o(.text)
    led1_task                                0x08003d69   Thumb Code    16  task2.o(.text)
    __use_two_region_memory                  0x08003d79   Thumb Code     2  heapauxi.o(.text)
    __rt_heap_escrow$2region                 0x08003d7b   Thumb Code     2  heapauxi.o(.text)
    __rt_heap_expand$2region                 0x08003d7d   Thumb Code     2  heapauxi.o(.text)
    __user_setup_stackheap                   0x08003d7f   Thumb Code    74  sys_stackheap_outer.o(.text)
    exit                                     0x08003dc9   Thumb Code    12  exit.o(.text)
    __user_libspace                          0x08003dd5   Thumb Code     8  libspace.o(.text)
    __user_perproc_libspace                  0x08003dd5   Thumb Code     0  libspace.o(.text)
    __user_perthread_libspace                0x08003dd5   Thumb Code     0  libspace.o(.text)
    __rt_fp_status_addr                      0x08003ddd   Thumb Code    12  rt_fp_status_addr_intlibspace.o(.text)
    _sys_exit                                0x08003de9   Thumb Code    16  sys_exit.o(.text)
    __I$use$semihosting                      0x08003dfd   Thumb Code     0  use_no_semi.o(.text)
    __use_no_semihosting_swi                 0x08003dfd   Thumb Code     2  use_no_semi.o(.text)
    _fp_init                                 0x08003dff   Thumb Code    14  fpinit.o(x$fpl$fpinit)
    __fplib_config_pureend_doubles           0x08003e0b   Thumb Code     0  fpinit.o(x$fpl$fpinit)
    TX_ADDRESS                               0x08003e0c   Data           5  24l01.o(.constdata)
    RX_ADDRESS                               0x08003e11   Data           5  24l01.o(.constdata)
    OSUnMapTbl                               0x08003e16   Data         256  os_core.o(.constdata)
    Region$$Table$$Base                      0x08003f18   Number         0  anon$$obj.o(Region$$Table)
    Region$$Table$$Limit                     0x08003f38   Number         0  anon$$obj.o(Region$$Table)
    OSCtxSwCtr                               0x20000024   Data           4  os_core.o(.data)
    OSEventFreeList                          0x20000028   Data           4  os_core.o(.data)
    OSFlagFreeList                           0x2000002c   Data           4  os_core.o(.data)
    OSCPUUsage                               0x20000030   Data           1  os_core.o(.data)
    OSIdleCtrMax                             0x20000034   Data           4  os_core.o(.data)
    OSIdleCtrRun                             0x20000038   Data           4  os_core.o(.data)
    OSStatRdy                                0x2000003c   Data           1  os_core.o(.data)
    OSIntNesting                             0x2000003d   Data           1  os_core.o(.data)
    OSLockNesting                            0x2000003e   Data           1  os_core.o(.data)
    OSPrioCur                                0x2000003f   Data           1  os_core.o(.data)
    OSPrioHighRdy                            0x20000040   Data           1  os_core.o(.data)
    OSRdyGrp                                 0x20000041   Data           1  os_core.o(.data)
    OSRdyTbl                                 0x20000042   Data           8  os_core.o(.data)
    OSRunning                                0x2000004a   Data           1  os_core.o(.data)
    OSTaskCtr                                0x2000004b   Data           1  os_core.o(.data)
    OSIdleCtr                                0x2000004c   Data           4  os_core.o(.data)
    OSTCBCur                                 0x20000050   Data           4  os_core.o(.data)
    OSTCBFreeList                            0x20000054   Data           4  os_core.o(.data)
    OSTCBHighRdy                             0x20000058   Data           4  os_core.o(.data)
    OSTCBList                                0x2000005c   Data           4  os_core.o(.data)
    OSTickStepState                          0x20000060   Data           1  os_core.o(.data)
    OSQFreeList                              0x20000064   Data           4  os_core.o(.data)
    OSTime                                   0x20000068   Data           4  os_core.o(.data)
    START_TASK_STK                           0x2000006c   Data         256  main.o(.bss)
    LED0_TASK_STK                            0x2000016c   Data         256  main.o(.bss)
    LED1_TASK_STK                            0x2000026c   Data         256  main.o(.bss)
    Rev_Buffer                               0x2000036c   Data          20  usart.o(.bss)
    OSEventTbl                               0x20000380   Data         200  os_core.o(.bss)
    OSFlagTbl                                0x20000448   Data          80  os_core.o(.bss)
    OSTaskStatStk                            0x20000498   Data         512  os_core.o(.bss)
    OSTaskIdleStk                            0x20000698   Data         512  os_core.o(.bss)
    OSTCBPrioTbl                             0x20000898   Data         256  os_core.o(.bss)
    OSTCBTbl                                 0x20000998   Data        1008  os_core.o(.bss)
    OSQTbl                                   0x20000d88   Data         120  os_core.o(.bss)
    __libspace_start                         0x20000e00   Data          96  libspace.o(.bss)
    __temporary_stack_top$libspace           0x20000e60   Data           0  libspace.o(.bss)



==============================================================================

Memory Map of the image

  Image Entry point : 0x08000151

  Load Region LR_IROM1 (Base: 0x08000000, Size: 0x00003fa4, Max: 0x00010000, ABSOLUTE)

    Execution Region ER_IROM1 (Base: 0x08000000, Size: 0x00003f38, Max: 0x00010000, ABSOLUTE)

    Base Addr    Size         Type   Attr      Idx    E Section Name        Object

    0x08000000   0x00000150   Data   RO            3    RESET               startup_stm32f10x_cl.o
    0x08000150   0x00000008   Code   RO          727  * !!!main             __main.o(c_w.l)
    0x08000158   0x00000034   Code   RO          889    !!!scatter          __scatter.o(c_w.l)
    0x0800018c   0x0000001a   Code   RO          891    !!handler_copy      __scatter_copy.o(c_w.l)
    0x080001a6   0x00000002   PAD
    0x080001a8   0x0000001c   Code   RO          893    !!handler_zi        __scatter_zi.o(c_w.l)
    0x080001c4   0x00000006   Code   RO          759    .ARM.Collect$$libinit$$00000000  libinit.o(c_w.l)
    0x080001ca   0x00000000   Code   RO          767    .ARM.Collect$$libinit$$00000006  libinit2.o(c_w.l)
    0x080001ca   0x00000000   Code   RO          769    .ARM.Collect$$libinit$$00000008  libinit2.o(c_w.l)
    0x080001ca   0x00000000   Code   RO          771    .ARM.Collect$$libinit$$0000000A  libinit2.o(c_w.l)
    0x080001ca   0x00000000   Code   RO          774    .ARM.Collect$$libinit$$0000000D  libinit2.o(c_w.l)
    0x080001ca   0x00000000   Code   RO          776    .ARM.Collect$$libinit$$0000000F  libinit2.o(c_w.l)
    0x080001ca   0x00000000   Code   RO          778    .ARM.Collect$$libinit$$00000011  libinit2.o(c_w.l)
    0x080001ca   0x00000000   Code   RO          780    .ARM.Collect$$libinit$$00000013  libinit2.o(c_w.l)
    0x080001ca   0x00000000   Code   RO          782    .ARM.Collect$$libinit$$00000015  libinit2.o(c_w.l)
    0x080001ca   0x00000000   Code   RO          784    .ARM.Collect$$libinit$$00000017  libinit2.o(c_w.l)
    0x080001ca   0x00000000   Code   RO          786    .ARM.Collect$$libinit$$00000019  libinit2.o(c_w.l)
    0x080001ca   0x00000000   Code   RO          788    .ARM.Collect$$libinit$$0000001B  libinit2.o(c_w.l)
    0x080001ca   0x00000000   Code   RO          790    .ARM.Collect$$libinit$$0000001D  libinit2.o(c_w.l)
    0x080001ca   0x00000000   Code   RO          792    .ARM.Collect$$libinit$$0000001F  libinit2.o(c_w.l)
    0x080001ca   0x00000000   Code   RO          794    .ARM.Collect$$libinit$$00000021  libinit2.o(c_w.l)
    0x080001ca   0x00000000   Code   RO          798    .ARM.Collect$$libinit$$00000028  libinit2.o(c_w.l)
    0x080001ca   0x00000000   Code   RO          800    .ARM.Collect$$libinit$$0000002A  libinit2.o(c_w.l)
    0x080001ca   0x00000000   Code   RO          802    .ARM.Collect$$libinit$$0000002C  libinit2.o(c_w.l)
    0x080001ca   0x00000000   Code   RO          804    .ARM.Collect$$libinit$$0000002E  libinit2.o(c_w.l)
    0x080001ca   0x00000002   Code   RO          805    .ARM.Collect$$libinit$$0000002F  libinit2.o(c_w.l)
    0x080001cc   0x00000002   Code   RO          831    .ARM.Collect$$libshutdown$$00000000  libshutdown.o(c_w.l)
    0x080001ce   0x00000000   Code   RO          844    .ARM.Collect$$libshutdown$$00000003  libshutdown2.o(c_w.l)
    0x080001ce   0x00000000   Code   RO          847    .ARM.Collect$$libshutdown$$00000006  libshutdown2.o(c_w.l)
    0x080001ce   0x00000000   Code   RO          850    .ARM.Collect$$libshutdown$$00000009  libshutdown2.o(c_w.l)
    0x080001ce   0x00000000   Code   RO          852    .ARM.Collect$$libshutdown$$0000000B  libshutdown2.o(c_w.l)
    0x080001ce   0x00000000   Code   RO          855    .ARM.Collect$$libshutdown$$0000000E  libshutdown2.o(c_w.l)
    0x080001ce   0x00000002   Code   RO          856    .ARM.Collect$$libshutdown$$0000000F  libshutdown2.o(c_w.l)
    0x080001d0   0x00000000   Code   RO          729    .ARM.Collect$$rtentry$$00000000  rtentry.o(c_w.l)
    0x080001d0   0x00000000   Code   RO          732    .ARM.Collect$$rtentry$$00000002  rtentry2.o(c_w.l)
    0x080001d0   0x00000006   Code   RO          747    .ARM.Collect$$rtentry$$00000004  rtentry4.o(c_w.l)
    0x080001d6   0x00000000   Code   RO          734    .ARM.Collect$$rtentry$$00000009  rtentry2.o(c_w.l)
    0x080001d6   0x00000004   Code   RO          735    .ARM.Collect$$rtentry$$0000000A  rtentry2.o(c_w.l)
    0x080001da   0x00000000   Code   RO          737    .ARM.Collect$$rtentry$$0000000C  rtentry2.o(c_w.l)
    0x080001da   0x00000008   Code   RO          738    .ARM.Collect$$rtentry$$0000000D  rtentry2.o(c_w.l)
    0x080001e2   0x00000002   Code   RO          763    .ARM.Collect$$rtexit$$00000000  rtexit.o(c_w.l)
    0x080001e4   0x00000000   Code   RO          809    .ARM.Collect$$rtexit$$00000002  rtexit2.o(c_w.l)
    0x080001e4   0x00000004   Code   RO          810    .ARM.Collect$$rtexit$$00000003  rtexit2.o(c_w.l)
    0x080001e8   0x00000006   Code   RO          811    .ARM.Collect$$rtexit$$00000004  rtexit2.o(c_w.l)
    0x080001ee   0x00000002   PAD
    0x080001f0   0x00000040   Code   RO            4    .text               startup_stm32f10x_cl.o
    0x08000230   0x00000070   Code   RO           10    .text               main.o
    0x080002a0   0x00000016   Code   RO          109    .text               stm32f10x_it.o
    0x080002b6   0x00000002   PAD
    0x080002b8   0x00000124   Code   RO          133    .text               system_stm32f10x.o
    0x080003dc   0x00000108   Code   RO          151    .text               delay.o
    0x080004e4   0x000000a4   Code   RO          168    .text               config.o
    0x08000588   0x000000f8   Code   RO          189    .text               misc.o
    0x08000680   0x00000320   Code   RO          234    .text               stm32f10x_gpio.o
    0x080009a0   0x00000398   Code   RO          252    .text               stm32f10x_rcc.o
    0x08000d38   0x00000370   Code   RO          296    .text               stm32f10x_usart.o
    0x080010a8   0x00000300   Code   RO          311    .text               stm32f10x_spi.o
    0x080013a8   0x000000b8   Code   RO          338    .text               tty.o
    0x08001460   0x00000208   Code   RO          384    .text               usart.o
    0x08001668   0x00000398   Code   RO          409    .text               24l01.o
    0x08001a00   0x000008f8   Code   RO          457    .text               os_core.o
    0x080022f8   0x0000088c   Code   RO          487    .text               os_flag.o
    0x08002b84   0x000005f4   Code   RO          544    .text               os_q.o
    0x08003178   0x00000804   Code   RO          568    .text               os_task.o
    0x0800397c   0x000001bc   Code   RO          580    .text               os_time.o
    0x08003b38   0x000000ae   Code   RO          598    .text               os_cpu_c.o
    0x08003be6   0x00000002   PAD
    0x08003be8   0x000000b4   Code   RO          655    .text               os_cpu_a.o
    0x08003c9c   0x000000cc   Code   RO          658    .text               task.o
    0x08003d68   0x00000010   Code   RO          711    .text               task2.o
    0x08003d78   0x00000006   Code   RO          725    .text               heapauxi.o(c_w.l)
    0x08003d7e   0x0000004a   Code   RO          749    .text               sys_stackheap_outer.o(c_w.l)
    0x08003dc8   0x0000000c   Code   RO          751    .text               exit.o(c_w.l)
    0x08003dd4   0x00000008   Code   RO          760    .text               libspace.o(c_w.l)
    0x08003ddc   0x0000000c   Code   RO          819    .text               rt_fp_status_addr_intlibspace.o(c_w.l)
    0x08003de8   0x00000014   Code   RO          823    .text               sys_exit.o(c_w.l)
    0x08003dfc   0x00000002   Code   RO          834    .text               use_no_semi.o(c_w.l)
    0x08003dfe   0x0000000e   Code   RO          806    x$fpl$fpinit        fpinit.o(fz_ws.l)
    0x08003e0c   0x0000000a   Data   RO          410    .constdata          24l01.o
    0x08003e16   0x00000100   Data   RO          459    .constdata          os_core.o
    0x08003f16   0x00000002   PAD
    0x08003f18   0x00000020   Data   RO          887    Region$$Table       anon$$obj.o


    Execution Region RW_IRAM1 (Base: 0x20000000, Size: 0x00001460, Max: 0x00005000, ABSOLUTE)

    Base Addr    Size         Type   Attr      Idx    E Section Name        Object

    0x20000000   0x00000004   Data   RW          152    .data               delay.o
    0x20000004   0x00000014   Data   RW          253    .data               stm32f10x_rcc.o
    0x20000018   0x0000000a   Data   RW          386    .data               usart.o
    0x20000022   0x00000002   PAD
    0x20000024   0x00000048   Data   RW          460    .data               os_core.o
    0x2000006c   0x00000300   Zero   RW           11    .bss                main.o
    0x2000036c   0x00000014   Zero   RW          385    .bss                usart.o
    0x20000380   0x00000a80   Zero   RW          458    .bss                os_core.o
    0x20000e00   0x00000060   Zero   RW          761    .bss                libspace.o(c_w.l)
    0x20000e60   0x00000200   Zero   RW            2    HEAP                startup_stm32f10x_cl.o
    0x20001060   0x00000400   Zero   RW            1    STACK               startup_stm32f10x_cl.o


==============================================================================

Image component sizes


      Code (inc. data)   RO Data    RW Data    ZI Data      Debug   Object Name

       920         24         10          0          0      10698   24l01.o
       164          4          0          0          0     206404   config.o
       264         10          0          4          0       1279   delay.o
       112         22          0          0        768      21516   main.o
       248         30          0          0          0       3289   misc.o
      2296        210        256         72       2688      15584   os_core.o
       180         36          0          0          0        288   os_cpu_a.o
       174          0          0          0          0      10342   os_cpu_c.o
      2188         42          0          0          0      14713   os_flag.o
      1524         30          0          0          0       5237   os_q.o
      2052         72          0          0          0       7013   os_task.o
       444         28          0          0          0       1738   os_time.o
        64         26        336          0       1536        508   startup_stm32f10x_cl.o
       800         18          0          0          0     203179   stm32f10x_gpio.o
        22          0          0          0          0     205799   stm32f10x_it.o
       920         56          0         20          0       8636   stm32f10x_rcc.o
       768          6          0          0          0       6270   stm32f10x_spi.o
       880         12          0          0          0      14267   stm32f10x_usart.o
       292         18          0          0          0       1105   system_stm32f10x.o
       204         98          0          0          0        608   task.o
        16          0          0          0          0        444   task2.o
       184         10          0          0          0     238168   tty.o
       520         22          0         10         20       2571   usart.o

    ----------------------------------------------------------------------
     15240        774        636        108       5012     979656   Object Totals
         0          0         32          0          0          0   (incl. Generated)
         4          0          2          2          0          0   (incl. Padding)

    ----------------------------------------------------------------------

      Code (inc. data)   RO Data    RW Data    ZI Data      Debug   Library Member Name

         8          0          0          0          0         68   __main.o
        52          8          0          0          0          0   __scatter.o
        26          0          0          0          0          0   __scatter_copy.o
        28          0          0          0          0          0   __scatter_zi.o
        12          0          0          0          0         68   exit.o
        14          0          0          0          0         76   fpinit.o
         6          0          0          0          0        148   heapauxi.o
         6          0          0          0          0          0   libinit.o
         2          0          0          0          0          0   libinit2.o
         2          0          0          0          0          0   libshutdown.o
         2          0          0          0          0          0   libshutdown2.o
         8          4          0          0         96         68   libspace.o
        12          6          0          0          0         68   rt_fp_status_addr_intlibspace.o
         0          0          0          0          0          0   rtentry.o
        12          0          0          0          0          0   rtentry2.o
         6          0          0          0          0          0   rtentry4.o
         2          0          0          0          0          0   rtexit.o
        10          0          0          0          0          0   rtexit2.o
        20         10          0          0          0         68   sys_exit.o
        74          0          0          0          0         80   sys_stackheap_outer.o
         2          0          0          0          0         68   use_no_semi.o

    ----------------------------------------------------------------------
       308         28          0          0         96        712   Library Totals
         4          0          0          0          0          0   (incl. Padding)

    ----------------------------------------------------------------------

      Code (inc. data)   RO Data    RW Data    ZI Data      Debug   Library Name

       290         28          0          0         96        636   c_w.l
        14          0          0          0          0         76   fz_ws.l

    ----------------------------------------------------------------------
       308         28          0          0         96        712   Library Totals

    ----------------------------------------------------------------------

==============================================================================


      Code (inc. data)   RO Data    RW Data    ZI Data      Debug   

     15548        802        636        108       5108     978268   Grand Totals
     15548        802        636        108       5108     978268   ELF Image Totals
     15548        802        636        108          0          0   ROM Totals

==============================================================================

    Total RO  Size (Code + RO Data)                16184 (  15.80kB)
    Total RW  Size (RW Data + ZI Data)              5216 (   5.09kB)
    Total ROM Size (Code + RO Data + RW Data)      16292 (  15.91kB)

==============================================================================

