<html>
<body>
<pre>
<h1>µVision Build Log</h1>
<h2>Project:</h2>
C:\hackathon\TH_jbk\StmPC\MDK\KeyBaord\project\JoyStickMouse.uvproj
Project File Date:  11/29/2017

<h2>Output:</h2>
Build target 'HT_JBK_PC'
compiling hw_config.c...
..\source\hw_config.c(412): warning:  #940-D: missing return statement at end of non-void function "KeyMap"
..\source\hw_config.c(441): error:  #65: expected a ";"
compiling usart.c...
..\driver\usart.c(71): warning:  #223-D: function "DelayMs" declared implicitly
..\driver\usart.c(49): warning:  #177-D: variable "temp" was declared but never referenced
..\driver\usart.c(50): warning:  #177-D: variable "Head" was declared but never referenced
..\driver\usart.c(51): warning:  #177-D: variable "cmd" was declared but never referenced
Target not created
Build target 'HT_JBK_PC'
compiling hw_config.c...
..\source\hw_config.c(412): warning:  #940-D: missing return statement at end of non-void function "KeyMap"
linking...
Program Size: Code=14724 RO-data=588 RW-data=368 ZI-data=2208  
FromELF: creating hex file...
".\Obj\StmPC.axf" - 0 Error(s), 1 Warning(s).
Load "C:\\hackathon\\TH_jbk\\StmPC\\MDK\\KeyBaord\\project\\Obj\\StmPC.AXF" 
Erase Done.
Programming Done.
Verify OK.
Build target 'HT_JBK_PC'
compiling hw_config.c...
..\source\hw_config.c(412): warning:  #940-D: missing return statement at end of non-void function "KeyMap"
compiling usart.c...
..\driver\usart.c(71): warning:  #223-D: function "DelayMs" declared implicitly
..\driver\usart.c(49): warning:  #177-D: variable "temp" was declared but never referenced
..\driver\usart.c(50): warning:  #177-D: variable "Head" was declared but never referenced
..\driver\usart.c(51): warning:  #177-D: variable "cmd" was declared but never referenced
linking...
Program Size: Code=14728 RO-data=588 RW-data=368 ZI-data=2208  
FromELF: creating hex file...
".\Obj\StmPC.axf" - 0 Error(s), 5 Warning(s).
Load "C:\\hackathon\\TH_jbk\\StmPC\\MDK\\KeyBaord\\project\\Obj\\StmPC.AXF" 
Erase Done.
Programming Done.
Verify OK.
